###############################################################################
#
# IAR ELF Linker V8.32.2.178/W32 for ARM                  19/Mar/2019  00:23:57
# Copyright 2007-2018 IAR Systems AB.
#
#    Output file  =  
#        C:\Users\u15q86\Documents\GitHub\Arduino-Due-DSP\Debug\Exe\project.out
#    Map file     =  
#        C:\Users\u15q86\Documents\GitHub\Arduino-Due-DSP\Debug\List\project.map
#    Command line =  
#        -f C:\Users\u15q86\AppData\Local\Temp\EW747B.tmp
#        (C:\Users\u15q86\Documents\GitHub\Arduino-Due-DSP\Debug\Obj\cstartup_M_cpp.o
#        C:\Users\u15q86\Documents\GitHub\Arduino-Due-DSP\Debug\Obj\main.o
#        C:\Users\u15q86\Documents\GitHub\Arduino-Due-DSP\Debug\Obj\sam3x8e_adc.o
#        C:\Users\u15q86\Documents\GitHub\Arduino-Due-DSP\Debug\Obj\sam3x8e_dac.o
#        C:\Users\u15q86\Documents\GitHub\Arduino-Due-DSP\Debug\Obj\sam3x8e_din.o
#        C:\Users\u15q86\Documents\GitHub\Arduino-Due-DSP\Debug\Obj\sam3x8e_dma.o
#        C:\Users\u15q86\Documents\GitHub\Arduino-Due-DSP\Debug\Obj\sam3x8e_dout.o
#        C:\Users\u15q86\Documents\GitHub\Arduino-Due-DSP\Debug\Obj\sam3x8e_setup.o
#        C:\Users\u15q86\Documents\GitHub\Arduino-Due-DSP\Debug\Obj\sam3x8e_ssc.o
#        C:\Users\u15q86\Documents\GitHub\Arduino-Due-DSP\Debug\Obj\sam3x8e_twi.o
#        C:\Users\u15q86\Documents\GitHub\Arduino-Due-DSP\Debug\Obj\sam3x8e_wdt.o
#        --no_out_extension -o
#        C:\Users\u15q86\Documents\GitHub\Arduino-Due-DSP\Debug\Exe\project.out
#        --redirect _Printf=_PrintfFullNoMb --redirect _Scanf=_ScanfFullNoMb
#        --map
#        C:\Users\u15q86\Documents\GitHub\Arduino-Due-DSP\Debug\List\project.map
#        --config "C:\Program Files (x86)\IAR Systems\Embedded Workbench
#        8.2\arm\config\linker\Microchip\sam3x8e\flash.icf" --semihosting
#        --entry __iar_program_start --inline --no_exceptions --vfe --text_out
#        locale)
#
###############################################################################

*******************************************************************************
*** RUNTIME MODEL ATTRIBUTES
***

CppFlavor        = *
__CPP_Exceptions = Disabled
__CPP_Language   = C++14
__SystemLibrary  = DLib
__dlib_version   = 6


*******************************************************************************
*** HEAP SELECTION
***

The basic heap was selected because some modules are built with
size limitations (and not runtime checking), and --advanced_heap
was not specified.


*******************************************************************************
*** PLACEMENT SUMMARY
***

"A0":  place at 0x8'0000 { ro section .intvec };
"P1":  place in [from 0x8'0000 to 0xf'ffff] { ro };
define block CSTACK with size = 4K, alignment = 8 { };
define block HEAP with size = 8K, alignment = 8 { };
"P2":  place in [from 0x2007'0000 to 0x2008'7fff] {
          rw, block CSTACK, block HEAP };

  Section          Kind         Address    Size  Object
  -------          ----         -------    ----  ------
"A0":                                      0xe0
  .intvec          const       0x8'0000    0xe0  cstartup_M_cpp.o [1]
                             - 0x8'00e0    0xe0

"P1":                                     0xd49
  .text            ro code     0x8'00e0   0x2a8  main.o [1]
  .text            ro code     0x8'0388    0x10  main.o [1]
  .text            ro code     0x8'0398    0x3a  DblToS32.o [3]
  .text            ro code     0x8'03d2    0x3a  zero_init3.o [4]
  .text            ro code     0x8'040c    0x10  sam3x8e_wdt.o [1]
  .text            ro code     0x8'041c   0x150  sam3x8e_setup.o [1]
  .text            ro code     0x8'056c   0x1d0  sam3x8e_twi.o [1]
  .text            ro code     0x8'073c   0x1b8  sam3x8e_ssc.o [1]
  .text            ro code     0x8'08f4    0x88  sam3x8e_din.o [1]
  .text            ro code     0x8'097c   0x1b8  sam3x8e_adc.o [1]
  .text            ro code     0x8'0b34    0x8c  sam3x8e_dac.o [1]
  .text            ro code     0x8'0bc0    0xb4  sam3x8e_dout.o [1]
  .text            ro code     0x8'0c74    0x22  S32ToDbl.o [3]
  .text            ro code     0x8'0c96     0x2  cstartup_M_cpp.o [1]
  .text            ro code     0x8'0c98    0xf2  sqrt.o [3]
  .text            ro code     0x8'0d8a     0x2  cstartup_M_cpp.o [1]
  .text            ro code     0x8'0d8c    0x28  data_init.o [4]
  .iar.init_table  const       0x8'0db4    0x10  - Linker created -
  .text            ro code     0x8'0dc4    0x1e  cmain.o [4]
  .text            ro code     0x8'0de2     0x4  exit.o [2]
  .text            ro code     0x8'0de6     0x2  cstartup_M_cpp.o [1]
  .text            ro code     0x8'0de8     0xa  cexit.o [4]
  .text            ro code     0x8'0df2     0x2  cstartup_M_cpp.o [1]
  .text            ro code     0x8'0df4    0x14  exit.o [5]
  .text            ro code     0x8'0e08    0x10  cstartup_M_cpp.o [1]
  .text            ro code     0x8'0e18     0x2  cstartup_M_cpp.o [1]
  .text            ro code     0x8'0e1a     0x2  cstartup_M_cpp.o [1]
  .text            ro code     0x8'0e1c     0x2  cstartup_M_cpp.o [1]
  .text            ro code     0x8'0e1e     0x2  cstartup_M_cpp.o [1]
  .text            ro code     0x8'0e20     0x2  cstartup_M_cpp.o [1]
  .text            ro code     0x8'0e22     0x2  cstartup_M_cpp.o [1]
  .text            ro code     0x8'0e24     0x2  cstartup_M_cpp.o [1]
  .text            ro code     0x8'0e26     0x2  cstartup_M_cpp.o [1]
  .rodata          const       0x8'0e28     0x1  unwind_debug.o [5]
  .rodata          const       0x8'0e29     0x0  zero_init3.o [4]
                             - 0x8'0e29   0xd49

"P2", part 1 of 2:                         0x34
  .bss             zero     0x2007'0000     0x4  main.o [1]
  .bss             zero     0x2007'0004     0x4  main.o [1]
  .bss             zero     0x2007'0008     0x4  main.o [1]
  .bss             zero     0x2007'000c     0x4  main.o [1]
  .bss             zero     0x2007'0010     0x4  main.o [1]
  .bss             zero     0x2007'0014     0x4  main.o [1]
  .bss             zero     0x2007'0018     0x4  main.o [1]
  .bss             zero     0x2007'001c     0x4  main.o [1]
  .bss             zero     0x2007'0020     0x4  main.o [1]
  .bss             zero     0x2007'0024     0x4  main.o [1]
  .bss             zero     0x2007'0028     0x4  sam3x8e_setup.o [1]
  .bss             zero     0x2007'002c     0x1  sam3x8e_adc.o [1]
  .bss             zero     0x2007'002d     0x1  sam3x8e_dac.o [1]
  .bss             zero     0x2007'002e     0x1  sam3x8e_din.o [1]
  .bss             zero     0x2007'002f     0x1  sam3x8e_dout.o [1]
  .bss             zero     0x2007'0030     0x1  sam3x8e_ssc.o [1]
  .bss             zero     0x2007'0031     0x1  sam3x8e_twi.o [1]
  .bss             zero     0x2007'0032     0x1  sam3x8e_wdt.o [1]
                          - 0x2007'0033    0x33

"P2", part 2 of 2:                       0x1000
  CSTACK                    0x2007'0038  0x1000  <Block>
    CSTACK         uninit   0x2007'0038  0x1000  <Block tail>
                          - 0x2007'1038  0x1000

Unused ranges:

         From           To      Size
         ----           --      ----
     0x8'0e29     0xf'ffff  0x7'f1d7
  0x2007'0034  0x2007'0037       0x4
  0x2007'1038  0x2008'7fff  0x1'6fc8


*******************************************************************************
*** INIT TABLE
***

          Address      Size
          -------      ----
Zero (__iar_zero_init3)
    1 destination range, total size 0x33:
          0x2007'0000  0x33



*******************************************************************************
*** MODULE SUMMARY
***

    Module            ro code  ro data  rw data
    ------            -------  -------  -------
command line/config:
    -------------------------------------------
    Total:

C:\Users\u15q86\Documents\GitHub\Arduino-Due-DSP\Debug\Obj: [1]
    cstartup_M_cpp.o       40      224
    main.o                696                40
    sam3x8e_adc.o         440                 1
    sam3x8e_dac.o         140                 1
    sam3x8e_din.o         136                 1
    sam3x8e_dout.o        180                 1
    sam3x8e_setup.o       336                 4
    sam3x8e_ssc.o         440                 1
    sam3x8e_twi.o         464                 1
    sam3x8e_wdt.o          16                 1
    -------------------------------------------
    Total:              2 888      224       51

dl7M_tln.a: [2]
    exit.o                  4
    -------------------------------------------
    Total:                  4

m7M_tl.a: [3]
    DblToS32.o             58
    S32ToDbl.o             34
    sqrt.o                242
    -------------------------------------------
    Total:                334

rt7M_tl.a: [4]
    cexit.o                10
    cmain.o                30
    data_init.o            40
    zero_init3.o           58
    -------------------------------------------
    Total:                138

shb_l.a: [5]
    exit.o                 20
    unwind_debug.o                   1
    -------------------------------------------
    Total:                 20        1

    Linker created                  16    4 096
-----------------------------------------------
    Grand Total:        3 384      241    4 147


*******************************************************************************
*** ENTRY LIST
***

Entry                       Address  Size  Type      Object
-----                       -------  ----  ----      ------
.iar.init_table$$Base      0x8'0db4         --   Gb  - Linker created -
.iar.init_table$$Limit     0x8'0dc4         --   Gb  - Linker created -
?main                      0x8'0dc5        Code  Gb  cmain.o [4]
CSTACK$$Base            0x2007'0038         --   Gb  - Linker created -
CSTACK$$Limit           0x2007'1038         --   Gb  - Linker created -
Region$$Table$$Base        0x8'0db4         --   Gb  - Linker created -
Region$$Table$$Limit       0x8'0dc4         --   Gb  - Linker created -
SAM3X8E_ADC             0x2007'002c   0x1  Data  Gb  sam3x8e_adc.o [1]
SAM3X8E_ADCClass::configure_adc_input()
                           0x8'0995  0x18  Code  Gb  sam3x8e_adc.o [1]
SAM3X8E_ADCClass::enable_ad1()
                           0x8'0a93  0x4a  Code  Gb  sam3x8e_adc.o [1]
SAM3X8E_ADCClass::enable_ad2()
                           0x8'0a49  0x4a  Code  Gb  sam3x8e_adc.o [1]
SAM3X8E_ADCClass::enable_ad3()
                           0x8'09ff  0x4a  Code  Gb  sam3x8e_adc.o [1]
SAM3X8E_ADCClass::enable_adc_input()
                           0x8'097d  0x18  Code  Gb  sam3x8e_adc.o [1]
SAM3X8E_ADCClass::enable_measure_adc()
                           0x8'09b5  0x4a  Code  Gb  sam3x8e_adc.o [1]
SAM3X8E_ADCClass::reset_adc()
                           0x8'09ad   0x8  Code  Gb  sam3x8e_adc.o [1]
SAM3X8E_DAC             0x2007'002d   0x1  Data  Gb  sam3x8e_dac.o [1]
SAM3X8E_DACClass::configure_dac_output()
                           0x8'0b4d  0x20  Code  Gb  sam3x8e_dac.o [1]
SAM3X8E_DACClass::enable_dac_output()
                           0x8'0b35  0x18  Code  Gb  sam3x8e_dac.o [1]
SAM3X8E_DACClass::write_dac(unsigned int)
                           0x8'0b6d   0x8  Code  Gb  sam3x8e_dac.o [1]
SAM3X8E_DACClass::write_dac_voltage(int)
                           0x8'0b75  0x1a  Code  Gb  sam3x8e_dac.o [1]
SAM3X8E_DIN             0x2007'002e   0x1  Data  Gb  sam3x8e_din.o [1]
SAM3X8E_DINClass::enable_digital_input()
                           0x8'08f5  0x4c  Code  Gb  sam3x8e_din.o [1]
SAM3X8E_DOUT            0x2007'002f   0x1  Data  Gb  sam3x8e_dout.o [1]
SAM3X8E_DOUTClass::enable_digital_output()
                           0x8'0bc1  0x6e  Code  Gb  sam3x8e_dout.o [1]
SAM3X8E_DOUTClass::reset_relay(unsigned int)
                           0x8'0c35   0x6  Code  Gb  sam3x8e_dout.o [1]
SAM3X8E_DOUTClass::set_relay(unsigned int)
                           0x8'0c2f   0x6  Code  Gb  sam3x8e_dout.o [1]
SAM3X8E_SETUP           0x2007'0028   0x4  Data  Gb  sam3x8e_setup.o [1]
SAM3X8E_SETUPClass::change_flash_read_waitstate(int)
                           0x8'046f   0xe  Code  Gb  sam3x8e_setup.o [1]
SAM3X8E_SETUPClass::check_main_oscillator_frequency()
                           0x8'0523  0x18  Code  Gb  sam3x8e_setup.o [1]
SAM3X8E_SETUPClass::enable_main_oscillator()
                           0x8'047d  0x12  Code  Gb  sam3x8e_setup.o [1]
SAM3X8E_SETUPClass::init_clock()
                           0x8'041d  0x52  Code  Gb  sam3x8e_setup.o [1]
SAM3X8E_SETUPClass::select_master_clock()
                           0x8'04b9  0x48  Code  Gb  sam3x8e_setup.o [1]
SAM3X8E_SETUPClass::set_pll_and_divider()
                           0x8'049b  0x12  Code  Gb  sam3x8e_setup.o [1]
SAM3X8E_SETUPClass::wait_for_main_oscillator()
                           0x8'048f   0xc  Code  Gb  sam3x8e_setup.o [1]
SAM3X8E_SETUPClass::wait_for_master_clock()
                           0x8'0501  0x22  Code  Gb  sam3x8e_setup.o [1]
SAM3X8E_SETUPClass::wait_for_pll()
                           0x8'04ad   0xc  Code  Gb  sam3x8e_setup.o [1]
SAM3X8E_SSC             0x2007'0030   0x1  Data  Gb  sam3x8e_ssc.o [1]
SAM3X8E_SSCClass::init_ssc()
                           0x8'0755  0x12  Code  Gb  sam3x8e_ssc.o [1]
SAM3X8E_SSCClass::init_ssc_clk()
                           0x8'073d  0x18  Code  Gb  sam3x8e_ssc.o [1]
SAM3X8E_SSCClass::setup_pio_for_ssc()
                           0x8'0767  0xa6  Code  Gb  sam3x8e_ssc.o [1]
SAM3X8E_SSCClass::setup_ssc_master_transfer()
                           0x8'080d  0x48  Code  Gb  sam3x8e_ssc.o [1]
SAM3X8E_SSCClass::ssc_interrupt_setup()
                           0x8'0855  0x12  Code  Gb  sam3x8e_ssc.o [1]
SAM3X8E_TWI             0x2007'0031   0x1  Data  Gb  sam3x8e_twi.o [1]
SAM3X8E_TWIClass::init_twi1()
                           0x8'0585  0x12  Code  Gb  sam3x8e_twi.o [1]
SAM3X8E_TWIClass::init_twi1_clk()
                           0x8'056d  0x18  Code  Gb  sam3x8e_twi.o [1]
SAM3X8E_TWIClass::send_two_bytes_to_wm8731(unsigned char, unsigned char)
                           0x8'05d5  0x78  Code  Gb  sam3x8e_twi.o [1]
SAM3X8E_TWIClass::setup_WM8731()
                           0x8'068d  0xb0  Code  Gb  sam3x8e_twi.o [1]
SAM3X8E_TWIClass::setup_pio_for_twi1()
                           0x8'0597  0x24  Code  Gb  sam3x8e_twi.o [1]
SAM3X8E_TWIClass::setup_twi1_master_transfer()
                           0x8'05bb  0x1a  Code  Gb  sam3x8e_twi.o [1]
SAM3X8E_WDT             0x2007'0032   0x1  Data  Gb  sam3x8e_wdt.o [1]
SAM3X8E_WDTClass::disable_watchdog_timer()
                           0x8'040d  0x10  Code  Gb  sam3x8e_wdt.o [1]
SSC1::Handler()            0x8'00e1  0xb6  Code  Gb  main.o [1]
__aeabi_d2iz               0x8'0399        Code  Gb  DblToS32.o [3]
__aeabi_i2d                0x8'0c75        Code  Gb  S32ToDbl.o [3]
__cmain                    0x8'0dc5        Code  Gb  cmain.o [4]
__exit                     0x8'0df5  0x14  Code  Gb  exit.o [5]
__iar_data_init3           0x8'0d8d  0x28  Code  Gb  data_init.o [4]
__iar_debug_exceptions     0x8'0e28   0x1  Data  Gb  unwind_debug.o [5]
__iar_program_start        0x8'0e09  0x10  Code  Gb  cstartup_M_cpp.o [1]
__iar_sqrt64               0x8'0c99        Code  Gb  sqrt.o [3]
__iar_zero_init3           0x8'03d3  0x3a  Code  Gb  zero_init3.o [4]
__vector_table             0x8'0000  0xe0  Data  Gb  cstartup_M_cpp.o [1]
_call_main                 0x8'0dd1        Code  Gb  cmain.o [4]
_exit                      0x8'0de9        Code  Gb  cexit.o [4]
_main                      0x8'0ddf        Code  Gb  cmain.o [4]
coeff_b                 0x2007'0004   0x4  Data  Gb  main.o [1]
coeff_g_d               0x2007'000c   0x4  Data  Gb  main.o [1]
coeff_g_k               0x2007'0008   0x4  Data  Gb  main.o [1]
convert_sample_to_voltage(int)
                           0x8'02b7  0x18  Code  Gb  main.o [1]
convert_voltage_to_sample(int)
                           0x8'035d  0x2c  Code  Gb  main.o [1]
exit                       0x8'0de3   0x4  Code  Gb  exit.o [2]
init_clock_for_wm8731()
                           0x8'0257  0x60  Code  Gb  main.o [1]
input_l                 0x2007'0000   0x4  Data  Gb  main.o [1]
main                       0x8'0197  0xc0  Code  Gb  main.o [1]
sample                  0x2007'0024   0x4  Data  Gb  main.o [1]
sqrt                       0x8'0c99        Code  Gb  sqrt.o [3]
sqrtl                      0x8'0c99        Code  Gb  sqrt.o [3]
std::enable_if<(std::is_integral<int>::value&&std::_AvoidSame), double>::type sqrt<int>(int)
                           0x8'0389  0x10  Code  Gb  main.o [1]
x_desired               0x2007'0020   0x4  Data  Gb  main.o [1]
y_desired               0x2007'001c   0x4  Data  Gb  main.o [1]
z1_i                    0x2007'0010   0x4  Data  Gb  main.o [1]
z2_i                    0x2007'0014   0x4  Data  Gb  main.o [1]
z3_i                    0x2007'0018   0x4  Data  Gb  main.o [1]


[1] = C:\Users\u15q86\Documents\GitHub\Arduino-Due-DSP\Debug\Obj
[2] = dl7M_tln.a
[3] = m7M_tl.a
[4] = rt7M_tl.a
[5] = shb_l.a

  3 384 bytes of readonly  code memory
    241 bytes of readonly  data memory
  4 147 bytes of readwrite data memory

Errors: none
Warnings: none
