###############################################################################
#
# IAR ELF Linker V8.32.2.178/W32 for ARM                  31/Jan/2019  23:58:53
# Copyright 2007-2018 IAR Systems AB.
#
#    Output file  =  
#        C:\Users\u15q86\Documents\GitHub\Arduino-Due-DSP\Debug\Exe\project.out
#    Map file     =  
#        C:\Users\u15q86\Documents\GitHub\Arduino-Due-DSP\Debug\List\project.map
#    Command line =  
#        -f C:\Users\u15q86\AppData\Local\Temp\EW5FA4.tmp
#        (C:\Users\u15q86\Documents\GitHub\Arduino-Due-DSP\Debug\Obj\cstartup_M_cpp.o
#        C:\Users\u15q86\Documents\GitHub\Arduino-Due-DSP\Debug\Obj\main.o
#        C:\Users\u15q86\Documents\GitHub\Arduino-Due-DSP\Debug\Obj\sam3x8e_adc.o
#        C:\Users\u15q86\Documents\GitHub\Arduino-Due-DSP\Debug\Obj\sam3x8e_dac.o
#        C:\Users\u15q86\Documents\GitHub\Arduino-Due-DSP\Debug\Obj\sam3x8e_din.o
#        C:\Users\u15q86\Documents\GitHub\Arduino-Due-DSP\Debug\Obj\sam3x8e_dma.o
#        C:\Users\u15q86\Documents\GitHub\Arduino-Due-DSP\Debug\Obj\sam3x8e_dout.o
#        C:\Users\u15q86\Documents\GitHub\Arduino-Due-DSP\Debug\Obj\sam3x8e_setup.o
#        C:\Users\u15q86\Documents\GitHub\Arduino-Due-DSP\Debug\Obj\sam3x8e_ssc.o
#        C:\Users\u15q86\Documents\GitHub\Arduino-Due-DSP\Debug\Obj\sam3x8e_twi.o
#        C:\Users\u15q86\Documents\GitHub\Arduino-Due-DSP\Debug\Obj\sam3x8e_wdt.o
#        --no_out_extension -o
#        C:\Users\u15q86\Documents\GitHub\Arduino-Due-DSP\Debug\Exe\project.out
#        --redirect _Printf=_PrintfFullNoMb --redirect _Scanf=_ScanfFullNoMb
#        --map
#        C:\Users\u15q86\Documents\GitHub\Arduino-Due-DSP\Debug\List\project.map
#        --config "C:\Program Files (x86)\IAR Systems\Embedded Workbench
#        8.2\arm\config\linker\Microchip\sam3x8e\flash.icf" --semihosting
#        --entry __iar_program_start --vfe --text_out locale)
#
###############################################################################

*******************************************************************************
*** RUNTIME MODEL ATTRIBUTES
***

CppFlavor        = *
__CPP_Exceptions = Disabled
__CPP_Language   = C++14
__SystemLibrary  = DLib
__dlib_version   = 6


*******************************************************************************
*** HEAP SELECTION
***

The basic heap was selected because some modules are built with
size limitations (and not runtime checking), and --advanced_heap
was not specified.


*******************************************************************************
*** PLACEMENT SUMMARY
***

"A0":  place at 0x8'0000 { ro section .intvec };
"P1":  place in [from 0x8'0000 to 0xf'ffff] { ro };
define block CSTACK with size = 4K, alignment = 8 { };
define block HEAP with size = 8K, alignment = 8 { };
"P2":  place in [from 0x2007'0000 to 0x2008'7fff] {
          rw, block CSTACK, block HEAP };

  Section          Kind         Address    Size  Object
  -------          ----         -------    ----  ------
"A0":                                      0xe0
  .intvec          const       0x8'0000    0xe0  cstartup_M_cpp.o [1]
                             - 0x8'00e0    0xe0

"P1":                                    0x12a5
  .text            ro code     0x8'00e0   0x554  sam3x8e_twi.o [1]
  .text            ro code     0x8'0634   0x474  main.o [1]
  .text            ro code     0x8'0aa8    0x24  S32ToFlt.o [3]
  .text            ro code     0x8'0acc    0x74  sqrtf.o [3]
  .text            ro code     0x8'0b40    0x2a  FltToS32.o [3]
  .text            ro code     0x8'0b6a    0x3a  zero_init3.o [4]
  .text            ro code     0x8'0ba4    0x10  sam3x8e_wdt.o [1]
  .text            ro code     0x8'0bb4    0xb4  sam3x8e_setup.o [1]
  .text            ro code     0x8'0c68   0x154  sam3x8e_ssc.o [1]
  .text            ro code     0x8'0dbc    0xbc  sam3x8e_adc.o [1]
  .text            ro code     0x8'0e78    0x64  sam3x8e_dac.o [1]
  .text            ro code     0x8'0edc    0xac  sam3x8e_dout.o [1]
  .text            ro code     0x8'0f88    0x1c  U32ToFlt.o [3]
  .text            ro code     0x8'0fa4    0xfc  FltDiv.o [3]
  .text            ro code     0x8'10a0    0x80  FltSub.o [3]
  .text            ro code     0x8'1120    0xd8  FltMul.o [3]
  .text            ro code     0x8'11f8    0xe2  FltAdd.o [3]
  .text            ro code     0x8'12da     0x2  cstartup_M_cpp.o [1]
  .text            ro code     0x8'12dc    0x28  data_init.o [4]
  .iar.init_table  const       0x8'1304    0x10  - Linker created -
  .text            ro code     0x8'1314    0x1e  cmain.o [4]
  .text            ro code     0x8'1332     0x4  low_level_init.o [2]
  .text            ro code     0x8'1336     0x4  exit.o [2]
  .text            ro code     0x8'133a     0x2  cstartup_M_cpp.o [1]
  .text            ro code     0x8'133c     0xa  cexit.o [4]
  .text            ro code     0x8'1346     0x2  cstartup_M_cpp.o [1]
  .text            ro code     0x8'1348    0x14  exit.o [5]
  .text            ro code     0x8'135c    0x16  cstartup_M_cpp.o [1]
  .text            ro code     0x8'1372     0x2  cstartup_M_cpp.o [1]
  .text            ro code     0x8'1374     0x2  cstartup_M_cpp.o [1]
  .text            ro code     0x8'1376     0x2  cstartup_M_cpp.o [1]
  .text            ro code     0x8'1378     0x2  cstartup_M_cpp.o [1]
  .text            ro code     0x8'137a     0x2  cstartup_M_cpp.o [1]
  .text            ro code     0x8'137c     0x2  cstartup_M_cpp.o [1]
  .text            ro code     0x8'137e     0x2  cstartup_M_cpp.o [1]
  .text            ro code     0x8'1380     0x2  cstartup_M_cpp.o [1]
  .text            ro code     0x8'1382     0x2  cstartup_M_cpp.o [1]
  .rodata          const       0x8'1384     0x1  unwind_debug.o [5]
  .rodata          const       0x8'1385     0x0  zero_init3.o [4]
                             - 0x8'1385  0x12a5

"P2", part 1 of 2:                         0x50
  .bss             zero     0x2007'0000    0x44  main.o [1]
  .bss             zero     0x2007'0044     0x4  sam3x8e_setup.o [1]
  .bss             zero     0x2007'0048     0x1  sam3x8e_adc.o [1]
  .bss             zero     0x2007'0049     0x1  sam3x8e_dac.o [1]
  .bss             zero     0x2007'004a     0x1  sam3x8e_dout.o [1]
  .bss             zero     0x2007'004b     0x1  sam3x8e_ssc.o [1]
  .bss             zero     0x2007'004c     0x1  sam3x8e_twi.o [1]
  .bss             zero     0x2007'004d     0x1  sam3x8e_wdt.o [1]
                          - 0x2007'004e    0x4e

"P2", part 2 of 2:                       0x1000
  CSTACK                    0x2007'0050  0x1000  <Block>
    CSTACK         uninit   0x2007'0050  0x1000  <Block tail>
                          - 0x2007'1050  0x1000

Unused ranges:

         From           To      Size
         ----           --      ----
     0x8'1385     0xf'ffff  0x7'ec7b
  0x2007'1050  0x2008'7fff  0x1'6fb0


*******************************************************************************
*** INIT TABLE
***

          Address      Size
          -------      ----
Zero (__iar_zero_init3)
    1 destination range, total size 0x4e:
          0x2007'0000  0x4e



*******************************************************************************
*** MODULE SUMMARY
***

    Module            ro code  ro data  rw data
    ------            -------  -------  -------
command line/config:
    -------------------------------------------
    Total:

C:\Users\u15q86\Documents\GitHub\Arduino-Due-DSP\Debug\Obj: [1]
    cstartup_M_cpp.o       46      224
    main.o              1 140                68
    sam3x8e_adc.o         188                 1
    sam3x8e_dac.o         100                 1
    sam3x8e_dout.o        172                 1
    sam3x8e_setup.o       180                 4
    sam3x8e_ssc.o         340                 1
    sam3x8e_twi.o       1 364                 1
    sam3x8e_wdt.o          16                 1
    -------------------------------------------
    Total:              3 546      224       78

dl7M_tln.a: [2]
    exit.o                  4
    low_level_init.o        4
    -------------------------------------------
    Total:                  8

m7M_tl.a: [3]
    FltAdd.o              226
    FltDiv.o              252
    FltMul.o              216
    FltSub.o              128
    FltToS32.o             42
    S32ToFlt.o             36
    U32ToFlt.o             28
    sqrtf.o               116
    -------------------------------------------
    Total:              1 044

rt7M_tl.a: [4]
    cexit.o                10
    cmain.o                30
    data_init.o            40
    zero_init3.o           58
    -------------------------------------------
    Total:                138

shb_l.a: [5]
    exit.o                 20
    unwind_debug.o                   1
    -------------------------------------------
    Total:                 20        1

    Linker created                  16    4 096
-----------------------------------------------
    Grand Total:        4 756      241    4 174


*******************************************************************************
*** ENTRY LIST
***

Entry                       Address   Size  Type      Object
-----                       -------   ----  ----      ------
.iar.init_table$$Base      0x8'1304          --   Gb  - Linker created -
.iar.init_table$$Limit     0x8'1314          --   Gb  - Linker created -
?main                      0x8'1315         Code  Gb  cmain.o [4]
CSTACK$$Base            0x2007'0050          --   Gb  - Linker created -
CSTACK$$Limit           0x2007'1050          --   Gb  - Linker created -
Region$$Table$$Base        0x8'1304          --   Gb  - Linker created -
Region$$Table$$Limit       0x8'1314          --   Gb  - Linker created -
SAM3X8E_ADC             0x2007'0048    0x1  Data  Gb  sam3x8e_adc.o [1]
SAM3X8E_ADCClass::configure_adc_input()
                           0x8'0dd1   0x18  Code  Gb  sam3x8e_adc.o [1]
SAM3X8E_ADCClass::enable_adc_input()
                           0x8'0dbd   0x14  Code  Gb  sam3x8e_adc.o [1]
SAM3X8E_ADCClass::enable_measure_adc()
                           0x8'0df1   0x42  Code  Gb  sam3x8e_adc.o [1]
SAM3X8E_ADCClass::read_measure_adc(int)
                           0x8'0e33   0x14  Code  Gb  sam3x8e_adc.o [1]
SAM3X8E_ADCClass::reset_adc()
                           0x8'0de9    0x8  Code  Gb  sam3x8e_adc.o [1]
SAM3X8E_DAC             0x2007'0049    0x1  Data  Gb  sam3x8e_dac.o [1]
SAM3X8E_DACClass::configure_dac_output()
                           0x8'0e8d   0x18  Code  Gb  sam3x8e_dac.o [1]
SAM3X8E_DACClass::enable_dac_output()
                           0x8'0e79   0x14  Code  Gb  sam3x8e_dac.o [1]
SAM3X8E_DACClass::write_dac(unsigned int)
                           0x8'0ea5    0x8  Code  Gb  sam3x8e_dac.o [1]
SAM3X8E_DACClass::write_dac_voltage(int)
                           0x8'0ead   0x14  Code  Gb  sam3x8e_dac.o [1]
SAM3X8E_DOUT            0x2007'004a    0x1  Data  Gb  sam3x8e_dout.o [1]
SAM3X8E_DOUTClass::enable_digital_output()
                           0x8'0edd   0x84  Code  Gb  sam3x8e_dout.o [1]
SAM3X8E_DOUTClass::reset_relay(unsigned int)
                           0x8'0f67    0x6  Code  Gb  sam3x8e_dout.o [1]
SAM3X8E_DOUTClass::set_relay(unsigned int)
                           0x8'0f61    0x6  Code  Gb  sam3x8e_dout.o [1]
SAM3X8E_SETUP           0x2007'0044    0x4  Data  Gb  sam3x8e_setup.o [1]
SAM3X8E_SETUPClass::init_clock()
                           0x8'0bb5   0xa0  Code  Gb  sam3x8e_setup.o [1]
SAM3X8E_SSC             0x2007'004b    0x1  Data  Gb  sam3x8e_ssc.o [1]
SAM3X8E_SSCClass::init_ssc()
                           0x8'0c69   0xe0  Code  Gb  sam3x8e_ssc.o [1]
SAM3X8E_SSCClass::setup_ssc_master_transfer()
                           0x8'0d49   0x38  Code  Gb  sam3x8e_ssc.o [1]
SAM3X8E_SSCClass::ssc_interrupt_setup()
                           0x8'0d81   0x14  Code  Gb  sam3x8e_ssc.o [1]
SAM3X8E_TWI             0x2007'004c    0x1  Data  Gb  sam3x8e_twi.o [1]
SAM3X8E_TWIClass::init_twi1()
                           0x8'00e1   0x48  Code  Gb  sam3x8e_twi.o [1]
SAM3X8E_TWIClass::setup_WM8731()
                           0x8'0145  0x4d4  Code  Gb  sam3x8e_twi.o [1]
SAM3X8E_TWIClass::setup_twi1_master_transfer()
                           0x8'0129   0x1a  Code  Gb  sam3x8e_twi.o [1]
SAM3X8E_WDT             0x2007'004d    0x1  Data  Gb  sam3x8e_wdt.o [1]
SAM3X8E_WDTClass::disable_watchdog_timer()
                           0x8'0ba5   0x10  Code  Gb  sam3x8e_wdt.o [1]
SSC1::Handler()            0x8'0635   0xde  Code  Gb  main.o [1]
__aeabi_f2iz               0x8'0b41         Code  Gb  FltToS32.o [3]
__aeabi_fadd               0x8'11f9         Code  Gb  FltAdd.o [3]
__aeabi_fdiv               0x8'0fa5         Code  Gb  FltDiv.o [3]
__aeabi_fmul               0x8'1121         Code  Gb  FltMul.o [3]
__aeabi_fsub               0x8'10a1         Code  Gb  FltSub.o [3]
__aeabi_i2f                0x8'0aa9         Code  Gb  S32ToFlt.o [3]
__aeabi_ui2f               0x8'0f89         Code  Gb  U32ToFlt.o [3]
__cmain                    0x8'1315         Code  Gb  cmain.o [4]
__exit                     0x8'1349   0x14  Code  Gb  exit.o [5]
__iar_data_init3           0x8'12dd   0x28  Code  Gb  data_init.o [4]
__iar_debug_exceptions     0x8'1384    0x1  Data  Gb  unwind_debug.o [5]
__iar_fadd                 0x8'10ad         Code  Gb  FltSub.o [3]
__iar_fsub                 0x8'1205         Code  Gb  FltAdd.o [3]
__iar_fsubStart            0x8'1215         Code  Gb  FltAdd.o [3]
__iar_program_start        0x8'135d   0x16  Code  Gb  cstartup_M_cpp.o [1]
__iar_sqrt32               0x8'0acd         Code  Gb  sqrtf.o [3]
__iar_zero_init3           0x8'0b6b   0x3a  Code  Gb  zero_init3.o [4]
__low_level_init           0x8'1333    0x4  Code  Gb  low_level_init.o [2]
__vector_table             0x8'0000   0xe0  Data  Gb  cstartup_M_cpp.o [1]
_call_main                 0x8'1321         Code  Gb  cmain.o [4]
_exit                      0x8'133d         Code  Gb  cexit.o [4]
_main                      0x8'132f         Code  Gb  cmain.o [4]
adc_volt_anode          0x2007'0000    0xc  Data  Gb  main.o [1]
coeff_a                 0x2007'0018    0x4  Data  Lc  main.o [1]
coeff_b                 0x2007'001c    0x4  Data  Lc  main.o [1]
coeff_c                 0x2007'0020    0x4  Data  Lc  main.o [1]
coeff_g_d               0x2007'0028    0x4  Data  Lc  main.o [1]
coeff_g_k               0x2007'0024    0x4  Data  Lc  main.o [1]
dac_volt                   0x8'0a9c    0xc  Data  Lc  main.o [1]
exit                       0x8'1337    0x4  Code  Gb  exit.o [2]
input_l                 0x2007'0010    0x4  Data  Gb  main.o [1]
input_r                 0x2007'0014    0x4  Data  Gb  main.o [1]
lrtoggle                0x2007'000c    0x4  Data  Lc  main.o [1]
main                       0x8'0715  0x312  Code  Gb  main.o [1]
sample                  0x2007'0040    0x4  Data  Lc  main.o [1]
sqrtf                      0x8'0acd         Code  Gb  sqrtf.o [3]
x_desired               0x2007'003c    0x4  Data  Lc  main.o [1]
y_desired               0x2007'0038    0x4  Data  Lc  main.o [1]
z1                      0x2007'002c    0x4  Data  Lc  main.o [1]
z2                      0x2007'0030    0x4  Data  Lc  main.o [1]
z3                      0x2007'0034    0x4  Data  Lc  main.o [1]


[1] = C:\Users\u15q86\Documents\GitHub\Arduino-Due-DSP\Debug\Obj
[2] = dl7M_tln.a
[3] = m7M_tl.a
[4] = rt7M_tl.a
[5] = shb_l.a

  4 756 bytes of readonly  code memory
    241 bytes of readonly  data memory
  4 174 bytes of readwrite data memory

Errors: none
Warnings: none
