###############################################################################
#
# IAR ELF Linker V8.32.2.178/W32 for ARM                  08/May/2019  00:20:45
# Copyright 2007-2018 IAR Systems AB.
#
#    Output file  =  
#        C:\Users\u15q86\Documents\GitHub\Arduino-Due-DSP\Debug\Exe\project.out
#    Map file     =  
#        C:\Users\u15q86\Documents\GitHub\Arduino-Due-DSP\Debug\List\project.map
#    Command line =  
#        -f C:\Users\u15q86\AppData\Local\Temp\EW718A.tmp
#        (C:\Users\u15q86\Documents\GitHub\Arduino-Due-DSP\Debug\Obj\cstartup_M_cpp.o
#        C:\Users\u15q86\Documents\GitHub\Arduino-Due-DSP\Debug\Obj\main.o
#        C:\Users\u15q86\Documents\GitHub\Arduino-Due-DSP\Debug\Obj\sam3x8e_adc.o
#        C:\Users\u15q86\Documents\GitHub\Arduino-Due-DSP\Debug\Obj\sam3x8e_dac.o
#        C:\Users\u15q86\Documents\GitHub\Arduino-Due-DSP\Debug\Obj\sam3x8e_din.o
#        C:\Users\u15q86\Documents\GitHub\Arduino-Due-DSP\Debug\Obj\sam3x8e_dma.o
#        C:\Users\u15q86\Documents\GitHub\Arduino-Due-DSP\Debug\Obj\sam3x8e_dout.o
#        C:\Users\u15q86\Documents\GitHub\Arduino-Due-DSP\Debug\Obj\sam3x8e_setup.o
#        C:\Users\u15q86\Documents\GitHub\Arduino-Due-DSP\Debug\Obj\sam3x8e_ssc.o
#        C:\Users\u15q86\Documents\GitHub\Arduino-Due-DSP\Debug\Obj\sam3x8e_twi.o
#        C:\Users\u15q86\Documents\GitHub\Arduino-Due-DSP\Debug\Obj\sam3x8e_wdt.o
#        --no_out_extension -o
#        C:\Users\u15q86\Documents\GitHub\Arduino-Due-DSP\Debug\Exe\project.out
#        --redirect _Printf=_PrintfFullNoMb --redirect _Scanf=_ScanfFullNoMb
#        --map
#        C:\Users\u15q86\Documents\GitHub\Arduino-Due-DSP\Debug\List\project.map
#        --config "C:\Program Files (x86)\IAR Systems\Embedded Workbench
#        8.2\arm\config\linker\Microchip\sam3x8e\flash.icf" --semihosting
#        --entry __iar_program_start --inline --no_exceptions --vfe --text_out
#        locale)
#
###############################################################################

*******************************************************************************
*** RUNTIME MODEL ATTRIBUTES
***

CppFlavor        = *
__CPP_Exceptions = Disabled
__CPP_Language   = C++14
__SystemLibrary  = DLib
__dlib_version   = 6


*******************************************************************************
*** HEAP SELECTION
***

The basic heap was selected because some modules are built with
size limitations (and not runtime checking), and --advanced_heap
was not specified.


*******************************************************************************
*** PLACEMENT SUMMARY
***

"A0":  place at 0x8'0000 { ro section .intvec };
"P1":  place in [from 0x8'0000 to 0xf'ffff] { ro };
define block CSTACK with size = 4K, alignment = 8 { };
define block HEAP with size = 8K, alignment = 8 { };
"P2":  place in [from 0x2007'0000 to 0x2008'7fff] {
          rw, block CSTACK, block HEAP };

  Section          Kind         Address    Size  Object
  -------          ----         -------    ----  ------
"A0":                                      0xe0
  .intvec          const       0x8'0000    0xe0  cstartup_M_cpp.o [1]
                             - 0x8'00e0    0xe0

"P1":                                     0xb5f
  .text            ro code     0x8'00e0   0x21c  main.o [1]
  .text            ro code     0x8'02fc    0x10  sam3x8e_wdt.o [1]
  .text            ro code     0x8'030c   0x150  sam3x8e_setup.o [1]
  .text            ro code     0x8'045c   0x1d0  sam3x8e_twi.o [1]
  .text            ro code     0x8'062c   0x1b8  sam3x8e_ssc.o [1]
  .text            ro code     0x8'07e4    0x88  sam3x8e_din.o [1]
  .text            ro code     0x8'086c   0x1b8  sam3x8e_adc.o [1]
  .text            ro code     0x8'0a24    0x8c  sam3x8e_dac.o [1]
  .text            ro code     0x8'0ab0    0xb4  sam3x8e_dout.o [1]
  .text            ro code     0x8'0b64    0x3a  zero_init3.o [3]
  .text            ro code     0x8'0b9e     0x2  cstartup_M_cpp.o [1]
  .text            ro code     0x8'0ba0    0x28  data_init.o [3]
  .iar.init_table  const       0x8'0bc8    0x10  - Linker created -
  .text            ro code     0x8'0bd8    0x1e  cmain.o [3]
  .text            ro code     0x8'0bf6     0x4  exit.o [2]
  .text            ro code     0x8'0bfa     0x2  cstartup_M_cpp.o [1]
  .text            ro code     0x8'0bfc     0xa  cexit.o [3]
  .text            ro code     0x8'0c06     0x2  cstartup_M_cpp.o [1]
  .text            ro code     0x8'0c08    0x14  exit.o [4]
  .text            ro code     0x8'0c1c    0x10  cstartup_M_cpp.o [1]
  .text            ro code     0x8'0c2c     0x2  cstartup_M_cpp.o [1]
  .text            ro code     0x8'0c2e     0x2  cstartup_M_cpp.o [1]
  .text            ro code     0x8'0c30     0x2  cstartup_M_cpp.o [1]
  .text            ro code     0x8'0c32     0x2  cstartup_M_cpp.o [1]
  .text            ro code     0x8'0c34     0x2  cstartup_M_cpp.o [1]
  .text            ro code     0x8'0c36     0x2  cstartup_M_cpp.o [1]
  .text            ro code     0x8'0c38     0x2  cstartup_M_cpp.o [1]
  .text            ro code     0x8'0c3a     0x2  cstartup_M_cpp.o [1]
  .text            ro code     0x8'0c3c     0x2  cstartup_M_cpp.o [1]
  .rodata          const       0x8'0c3e     0x1  unwind_debug.o [4]
  .rodata          const       0x8'0c3f     0x0  zero_init3.o [3]
                             - 0x8'0c3f   0xb5f

"P2", part 1 of 2:                        0x1a8
  .bss             zero     0x2007'0000   0x190  main.o [1]
  .bss             zero     0x2007'0190     0x4  main.o [1]
  .bss             zero     0x2007'0194     0x4  main.o [1]
  .bss             zero     0x2007'0198     0x4  main.o [1]
  .bss             zero     0x2007'019c     0x4  sam3x8e_setup.o [1]
  .bss             zero     0x2007'01a0     0x1  sam3x8e_adc.o [1]
  .bss             zero     0x2007'01a1     0x1  sam3x8e_dac.o [1]
  .bss             zero     0x2007'01a2     0x1  sam3x8e_din.o [1]
  .bss             zero     0x2007'01a3     0x1  sam3x8e_dout.o [1]
  .bss             zero     0x2007'01a4     0x1  sam3x8e_ssc.o [1]
  .bss             zero     0x2007'01a5     0x1  sam3x8e_twi.o [1]
  .bss             zero     0x2007'01a6     0x1  sam3x8e_wdt.o [1]
                          - 0x2007'01a7   0x1a7

"P2", part 2 of 2:                       0x1000
  CSTACK                    0x2007'01a8  0x1000  <Block>
    CSTACK         uninit   0x2007'01a8  0x1000  <Block tail>
                          - 0x2007'11a8  0x1000

Unused ranges:

         From           To      Size
         ----           --      ----
     0x8'0c3f     0xf'ffff  0x7'f3c1
  0x2007'11a8  0x2008'7fff  0x1'6e58


*******************************************************************************
*** INIT TABLE
***

          Address      Size
          -------      ----
Zero (__iar_zero_init3)
    1 destination range, total size 0x1a7:
          0x2007'0000  0x1a7



*******************************************************************************
*** MODULE SUMMARY
***

    Module            ro code  ro data  rw data
    ------            -------  -------  -------
command line/config:
    -------------------------------------------
    Total:

C:\Users\u15q86\Documents\GitHub\Arduino-Due-DSP\Debug\Obj: [1]
    cstartup_M_cpp.o       40      224
    main.o                540               412
    sam3x8e_adc.o         440                 1
    sam3x8e_dac.o         140                 1
    sam3x8e_din.o         136                 1
    sam3x8e_dout.o        180                 1
    sam3x8e_setup.o       336                 4
    sam3x8e_ssc.o         440                 1
    sam3x8e_twi.o         464                 1
    sam3x8e_wdt.o          16                 1
    -------------------------------------------
    Total:              2 732      224      423

dl7M_tln.a: [2]
    exit.o                  4
    -------------------------------------------
    Total:                  4

rt7M_tl.a: [3]
    cexit.o                10
    cmain.o                30
    data_init.o            40
    zero_init3.o           58
    -------------------------------------------
    Total:                138

shb_l.a: [4]
    exit.o                 20
    unwind_debug.o                   1
    -------------------------------------------
    Total:                 20        1

    Linker created                  16    4 096
-----------------------------------------------
    Grand Total:        2 894      241    4 519


*******************************************************************************
*** ENTRY LIST
***

Entry                       Address   Size  Type      Object
-----                       -------   ----  ----      ------
.iar.init_table$$Base      0x8'0bc8          --   Gb  - Linker created -
.iar.init_table$$Limit     0x8'0bd8          --   Gb  - Linker created -
?main                      0x8'0bd9         Code  Gb  cmain.o [3]
CSTACK$$Base            0x2007'01a8          --   Gb  - Linker created -
CSTACK$$Limit           0x2007'11a8          --   Gb  - Linker created -
Region$$Table$$Base        0x8'0bc8          --   Gb  - Linker created -
Region$$Table$$Limit       0x8'0bd8          --   Gb  - Linker created -
SAM3X8E_ADC             0x2007'01a0    0x1  Data  Gb  sam3x8e_adc.o [1]
SAM3X8E_ADCClass::configure_adc_input()
                           0x8'0885   0x18  Code  Gb  sam3x8e_adc.o [1]
SAM3X8E_ADCClass::enable_ad1()
                           0x8'0983   0x4a  Code  Gb  sam3x8e_adc.o [1]
SAM3X8E_ADCClass::enable_ad2()
                           0x8'0939   0x4a  Code  Gb  sam3x8e_adc.o [1]
SAM3X8E_ADCClass::enable_ad3()
                           0x8'08ef   0x4a  Code  Gb  sam3x8e_adc.o [1]
SAM3X8E_ADCClass::enable_adc_input()
                           0x8'086d   0x18  Code  Gb  sam3x8e_adc.o [1]
SAM3X8E_ADCClass::enable_measure_adc()
                           0x8'08a5   0x4a  Code  Gb  sam3x8e_adc.o [1]
SAM3X8E_ADCClass::reset_adc()
                           0x8'089d    0x8  Code  Gb  sam3x8e_adc.o [1]
SAM3X8E_DAC             0x2007'01a1    0x1  Data  Gb  sam3x8e_dac.o [1]
SAM3X8E_DACClass::configure_dac_output()
                           0x8'0a3d   0x20  Code  Gb  sam3x8e_dac.o [1]
SAM3X8E_DACClass::enable_dac_output()
                           0x8'0a25   0x18  Code  Gb  sam3x8e_dac.o [1]
SAM3X8E_DACClass::write_dac(unsigned int)
                           0x8'0a5d    0x8  Code  Gb  sam3x8e_dac.o [1]
SAM3X8E_DACClass::write_dac_voltage(int)
                           0x8'0a65   0x1a  Code  Gb  sam3x8e_dac.o [1]
SAM3X8E_DIN             0x2007'01a2    0x1  Data  Gb  sam3x8e_din.o [1]
SAM3X8E_DINClass::enable_digital_input()
                           0x8'07e5   0x4c  Code  Gb  sam3x8e_din.o [1]
SAM3X8E_DOUT            0x2007'01a3    0x1  Data  Gb  sam3x8e_dout.o [1]
SAM3X8E_DOUTClass::enable_digital_output()
                           0x8'0ab1   0x6e  Code  Gb  sam3x8e_dout.o [1]
SAM3X8E_DOUTClass::reset_relay(unsigned int)
                           0x8'0b25    0x6  Code  Gb  sam3x8e_dout.o [1]
SAM3X8E_DOUTClass::set_relay(unsigned int)
                           0x8'0b1f    0x6  Code  Gb  sam3x8e_dout.o [1]
SAM3X8E_SETUP           0x2007'019c    0x4  Data  Gb  sam3x8e_setup.o [1]
SAM3X8E_SETUPClass::change_flash_read_waitstate(int)
                           0x8'035f    0xe  Code  Gb  sam3x8e_setup.o [1]
SAM3X8E_SETUPClass::check_main_oscillator_frequency()
                           0x8'0413   0x18  Code  Gb  sam3x8e_setup.o [1]
SAM3X8E_SETUPClass::enable_main_oscillator()
                           0x8'036d   0x12  Code  Gb  sam3x8e_setup.o [1]
SAM3X8E_SETUPClass::init_clock()
                           0x8'030d   0x52  Code  Gb  sam3x8e_setup.o [1]
SAM3X8E_SETUPClass::select_master_clock()
                           0x8'03a9   0x48  Code  Gb  sam3x8e_setup.o [1]
SAM3X8E_SETUPClass::set_pll_and_divider()
                           0x8'038b   0x12  Code  Gb  sam3x8e_setup.o [1]
SAM3X8E_SETUPClass::wait_for_main_oscillator()
                           0x8'037f    0xc  Code  Gb  sam3x8e_setup.o [1]
SAM3X8E_SETUPClass::wait_for_master_clock()
                           0x8'03f1   0x22  Code  Gb  sam3x8e_setup.o [1]
SAM3X8E_SETUPClass::wait_for_pll()
                           0x8'039d    0xc  Code  Gb  sam3x8e_setup.o [1]
SAM3X8E_SSC             0x2007'01a4    0x1  Data  Gb  sam3x8e_ssc.o [1]
SAM3X8E_SSCClass::init_ssc()
                           0x8'0645   0x12  Code  Gb  sam3x8e_ssc.o [1]
SAM3X8E_SSCClass::init_ssc_clk()
                           0x8'062d   0x18  Code  Gb  sam3x8e_ssc.o [1]
SAM3X8E_SSCClass::setup_pio_for_ssc()
                           0x8'0657   0xa6  Code  Gb  sam3x8e_ssc.o [1]
SAM3X8E_SSCClass::setup_ssc_master_transfer()
                           0x8'06fd   0x48  Code  Gb  sam3x8e_ssc.o [1]
SAM3X8E_SSCClass::ssc_interrupt_setup()
                           0x8'0745   0x12  Code  Gb  sam3x8e_ssc.o [1]
SAM3X8E_TWI             0x2007'01a5    0x1  Data  Gb  sam3x8e_twi.o [1]
SAM3X8E_TWIClass::init_twi1()
                           0x8'0475   0x12  Code  Gb  sam3x8e_twi.o [1]
SAM3X8E_TWIClass::init_twi1_clk()
                           0x8'045d   0x18  Code  Gb  sam3x8e_twi.o [1]
SAM3X8E_TWIClass::send_two_bytes_to_wm8731(unsigned char, unsigned char)
                           0x8'04c5   0x78  Code  Gb  sam3x8e_twi.o [1]
SAM3X8E_TWIClass::setup_WM8731()
                           0x8'057d   0xb0  Code  Gb  sam3x8e_twi.o [1]
SAM3X8E_TWIClass::setup_pio_for_twi1()
                           0x8'0487   0x24  Code  Gb  sam3x8e_twi.o [1]
SAM3X8E_TWIClass::setup_twi1_master_transfer()
                           0x8'04ab   0x1a  Code  Gb  sam3x8e_twi.o [1]
SAM3X8E_WDT             0x2007'01a6    0x1  Data  Gb  sam3x8e_wdt.o [1]
SAM3X8E_WDTClass::disable_watchdog_timer()
                           0x8'02fd   0x10  Code  Gb  sam3x8e_wdt.o [1]
SSC1::Handler()            0x8'00e1   0x58  Code  Gb  main.o [1]
__cmain                    0x8'0bd9         Code  Gb  cmain.o [3]
__exit                     0x8'0c09   0x14  Code  Gb  exit.o [4]
__iar_data_init3           0x8'0ba1   0x28  Code  Gb  data_init.o [3]
__iar_debug_exceptions     0x8'0c3e    0x1  Data  Gb  unwind_debug.o [4]
__iar_program_start        0x8'0c1d   0x10  Code  Gb  cstartup_M_cpp.o [1]
__iar_zero_init3           0x8'0b65   0x3a  Code  Gb  zero_init3.o [3]
__vector_table             0x8'0000   0xe0  Data  Gb  cstartup_M_cpp.o [1]
_call_main                 0x8'0be5         Code  Gb  cmain.o [3]
_exit                      0x8'0bfd         Code  Gb  cexit.o [3]
_main                      0x8'0bf3         Code  Gb  cmain.o [3]
convert_sample_to_voltage(int)
                           0x8'022f   0x32  Code  Gb  main.o [1]
convert_voltage_to_sample(int)
                           0x8'02d5   0x28  Code  Gb  main.o [1]
counter                 0x2007'0198    0x4  Data  Gb  main.o [1]
exit                       0x8'0bf7    0x4  Code  Gb  exit.o [2]
init_clock_for_wm8731()
                           0x8'01e7   0x48  Code  Gb  main.o [1]
input_l                 0x2007'0190    0x4  Data  Gb  main.o [1]
main                       0x8'0139   0xae  Code  Gb  main.o [1]
sample                  0x2007'0194    0x4  Data  Gb  main.o [1]
samples                 0x2007'0000  0x190  Data  Gb  main.o [1]


[1] = C:\Users\u15q86\Documents\GitHub\Arduino-Due-DSP\Debug\Obj
[2] = dl7M_tln.a
[3] = rt7M_tl.a
[4] = shb_l.a

  2 894 bytes of readonly  code memory
    241 bytes of readonly  data memory
  4 519 bytes of readwrite data memory

Errors: none
Warnings: none
