###############################################################################
#
# IAR ELF Linker V8.32.2.178/W32 for ARM                  24/Jan/2019  19:14:28
# Copyright 2007-2018 IAR Systems AB.
#
#    Output file  =  
#        C:\Users\u15q86\Documents\GitHub\Arduino-Due-DSP\Debug\Exe\project.out
#    Map file     =  
#        C:\Users\u15q86\Documents\GitHub\Arduino-Due-DSP\Debug\List\project.map
#    Command line =  
#        -f C:\Users\u15q86\AppData\Local\Temp\EW74E5.tmp
#        (C:\Users\u15q86\Documents\GitHub\Arduino-Due-DSP\Debug\Obj\cstartup_M_cpp.o
#        C:\Users\u15q86\Documents\GitHub\Arduino-Due-DSP\Debug\Obj\main.o
#        C:\Users\u15q86\Documents\GitHub\Arduino-Due-DSP\Debug\Obj\sam3x8e_adc.o
#        C:\Users\u15q86\Documents\GitHub\Arduino-Due-DSP\Debug\Obj\sam3x8e_dac.o
#        C:\Users\u15q86\Documents\GitHub\Arduino-Due-DSP\Debug\Obj\sam3x8e_din.o
#        C:\Users\u15q86\Documents\GitHub\Arduino-Due-DSP\Debug\Obj\sam3x8e_dma.o
#        C:\Users\u15q86\Documents\GitHub\Arduino-Due-DSP\Debug\Obj\sam3x8e_dout.o
#        C:\Users\u15q86\Documents\GitHub\Arduino-Due-DSP\Debug\Obj\sam3x8e_setup.o
#        C:\Users\u15q86\Documents\GitHub\Arduino-Due-DSP\Debug\Obj\sam3x8e_ssc.o
#        C:\Users\u15q86\Documents\GitHub\Arduino-Due-DSP\Debug\Obj\sam3x8e_twi.o
#        C:\Users\u15q86\Documents\GitHub\Arduino-Due-DSP\Debug\Obj\sam3x8e_wdt.o
#        --no_out_extension -o
#        C:\Users\u15q86\Documents\GitHub\Arduino-Due-DSP\Debug\Exe\project.out
#        --redirect _Printf=_PrintfFullNoMb --redirect _Scanf=_ScanfFullNoMb
#        --map
#        C:\Users\u15q86\Documents\GitHub\Arduino-Due-DSP\Debug\List\project.map
#        --config "C:\Program Files (x86)\IAR Systems\Embedded Workbench
#        8.2\arm\config\linker\Microchip\sam3x8e\flash.icf" --semihosting
#        --entry __iar_program_start --vfe --text_out locale)
#
###############################################################################

*******************************************************************************
*** RUNTIME MODEL ATTRIBUTES
***

CppFlavor        = *
__CPP_Exceptions = Disabled
__CPP_Language   = C++14
__SystemLibrary  = DLib
__dlib_version   = 6


*******************************************************************************
*** HEAP SELECTION
***

The basic heap was selected because some modules are built with
size limitations (and not runtime checking), and --advanced_heap
was not specified.


*******************************************************************************
*** PLACEMENT SUMMARY
***

"A0":  place at 0x8'0000 { ro section .intvec };
"P1":  place in [from 0x8'0000 to 0xf'ffff] { ro };
define block CSTACK with size = 4K, alignment = 8 { };
define block HEAP with size = 8K, alignment = 8 { };
"P2":  place in [from 0x2007'0000 to 0x2008'7fff] {
          rw, block CSTACK, block HEAP };

  Section          Kind         Address    Size  Object
  -------          ----         -------    ----  ------
"A0":                                      0xe0
  .intvec          const       0x8'0000    0xe0  cstartup_M_cpp.o [1]
                             - 0x8'00e0    0xe0

"P1":                                     0x953
  .text            ro code     0x8'00e0   0x1d0  sam3x8e_twi.o [1]
  .text            ro code     0x8'02b0   0x1b4  sam3x8e_ssc.o [1]
  .text            ro code     0x8'0464   0x190  main.o [1]
  .text            ro code     0x8'05f4    0x10  sam3x8e_wdt.o [1]
  .text            ro code     0x8'0604   0x150  sam3x8e_setup.o [1]
  .text            ro code     0x8'0754    0xdc  sam3x8e_adc.o [1]
  .text            ro code     0x8'0830    0x70  sam3x8e_dac.o [1]
  .text            ro code     0x8'08a0    0xb4  sam3x8e_dout.o [1]
  .text            ro code     0x8'0954    0x3a  zero_init3.o [3]
  .text            ro code     0x8'098e     0x2  cstartup_M_cpp.o [1]
  .text            ro code     0x8'0990    0x28  data_init.o [3]
  .iar.init_table  const       0x8'09b8    0x10  - Linker created -
  .text            ro code     0x8'09c8    0x1e  cmain.o [3]
  .text            ro code     0x8'09e6     0x4  low_level_init.o [2]
  .text            ro code     0x8'09ea     0x4  exit.o [2]
  .text            ro code     0x8'09ee     0x2  cstartup_M_cpp.o [1]
  .text            ro code     0x8'09f0     0xa  cexit.o [3]
  .text            ro code     0x8'09fa     0x2  cstartup_M_cpp.o [1]
  .text            ro code     0x8'09fc    0x14  exit.o [4]
  .text            ro code     0x8'0a10    0x10  cstartup_M_cpp.o [1]
  .text            ro code     0x8'0a20     0x2  cstartup_M_cpp.o [1]
  .text            ro code     0x8'0a22     0x2  cstartup_M_cpp.o [1]
  .text            ro code     0x8'0a24     0x2  cstartup_M_cpp.o [1]
  .text            ro code     0x8'0a26     0x2  cstartup_M_cpp.o [1]
  .text            ro code     0x8'0a28     0x2  cstartup_M_cpp.o [1]
  .text            ro code     0x8'0a2a     0x2  cstartup_M_cpp.o [1]
  .text            ro code     0x8'0a2c     0x2  cstartup_M_cpp.o [1]
  .text            ro code     0x8'0a2e     0x2  cstartup_M_cpp.o [1]
  .text            ro code     0x8'0a30     0x2  cstartup_M_cpp.o [1]
  .rodata          const       0x8'0a32     0x1  unwind_debug.o [4]
  .rodata          const       0x8'0a33     0x0  zero_init3.o [3]
                             - 0x8'0a33   0x953

"P2", part 1 of 2:                        0x7ec
  .bss             zero     0x2007'0000   0x7d0  main.o [1]
  .bss             zero     0x2007'07d0     0x4  main.o [1]
  .bss             zero     0x2007'07d4     0x4  main.o [1]
  .bss             zero     0x2007'07d8     0x4  main.o [1]
  .bss             zero     0x2007'07dc     0x4  main.o [1]
  .bss             zero     0x2007'07e0     0x4  sam3x8e_setup.o [1]
  .bss             zero     0x2007'07e4     0x1  sam3x8e_adc.o [1]
  .bss             zero     0x2007'07e5     0x1  sam3x8e_dac.o [1]
  .bss             zero     0x2007'07e6     0x1  sam3x8e_dout.o [1]
  .bss             zero     0x2007'07e7     0x1  sam3x8e_ssc.o [1]
  .bss             zero     0x2007'07e8     0x1  sam3x8e_twi.o [1]
  .bss             zero     0x2007'07e9     0x1  sam3x8e_wdt.o [1]
                          - 0x2007'07ea   0x7ea

"P2", part 2 of 2:                       0x1000
  CSTACK                    0x2007'07f0  0x1000  <Block>
    CSTACK         uninit   0x2007'07f0  0x1000  <Block tail>
                          - 0x2007'17f0  0x1000

Unused ranges:

         From           To      Size
         ----           --      ----
     0x8'0a33     0xf'ffff  0x7'f5cd
  0x2007'07ec  0x2007'07ef       0x4
  0x2007'17f0  0x2008'7fff  0x1'6810


*******************************************************************************
*** INIT TABLE
***

          Address      Size
          -------      ----
Zero (__iar_zero_init3)
    1 destination range, total size 0x7ea:
          0x2007'0000  0x7ea



*******************************************************************************
*** MODULE SUMMARY
***

    Module            ro code  ro data  rw data
    ------            -------  -------  -------
command line/config:
    -------------------------------------------
    Total:

C:\Users\u15q86\Documents\GitHub\Arduino-Due-DSP\Debug\Obj: [1]
    cstartup_M_cpp.o       40      224
    main.o                400             2 016
    sam3x8e_adc.o         220                 1
    sam3x8e_dac.o         112                 1
    sam3x8e_dout.o        180                 1
    sam3x8e_setup.o       336                 4
    sam3x8e_ssc.o         436                 1
    sam3x8e_twi.o         464                 1
    sam3x8e_wdt.o          16                 1
    -------------------------------------------
    Total:              2 204      224    2 026

dl7M_tln.a: [2]
    exit.o                  4
    low_level_init.o        4
    -------------------------------------------
    Total:                  8

rt7M_tl.a: [3]
    cexit.o                10
    cmain.o                30
    data_init.o            40
    zero_init3.o           58
    -------------------------------------------
    Total:                138

shb_l.a: [4]
    exit.o                 20
    unwind_debug.o                   1
    -------------------------------------------
    Total:                 20        1

    Linker created                  16    4 096
-----------------------------------------------
    Grand Total:        2 370      241    6 122


*******************************************************************************
*** ENTRY LIST
***

Entry                       Address   Size  Type      Object
-----                       -------   ----  ----      ------
.iar.init_table$$Base      0x8'09b8          --   Gb  - Linker created -
.iar.init_table$$Limit     0x8'09c8          --   Gb  - Linker created -
?main                      0x8'09c9         Code  Gb  cmain.o [3]
CSTACK$$Base            0x2007'07f0          --   Gb  - Linker created -
CSTACK$$Limit           0x2007'17f0          --   Gb  - Linker created -
Region$$Table$$Base        0x8'09b8          --   Gb  - Linker created -
Region$$Table$$Limit       0x8'09c8          --   Gb  - Linker created -
SAM3X8E_ADC             0x2007'07e4    0x1  Data  Gb  sam3x8e_adc.o [1]
SAM3X8E_ADCClass::configure_adc_input()
                           0x8'076d   0x18  Code  Gb  sam3x8e_adc.o [1]
SAM3X8E_ADCClass::enable_adc_input()
                           0x8'0755   0x18  Code  Gb  sam3x8e_adc.o [1]
SAM3X8E_ADCClass::enable_measure_adc()
                           0x8'078d   0x4a  Code  Gb  sam3x8e_adc.o [1]
SAM3X8E_ADCClass::reset_adc()
                           0x8'0785    0x8  Code  Gb  sam3x8e_adc.o [1]
SAM3X8E_DAC             0x2007'07e5    0x1  Data  Gb  sam3x8e_dac.o [1]
SAM3X8E_DACClass::configure_dac_output()
                           0x8'0849   0x20  Code  Gb  sam3x8e_dac.o [1]
SAM3X8E_DACClass::enable_dac_output()
                           0x8'0831   0x18  Code  Gb  sam3x8e_dac.o [1]
SAM3X8E_DACClass::write_dac(unsigned int)
                           0x8'0869    0x8  Code  Gb  sam3x8e_dac.o [1]
SAM3X8E_DOUT            0x2007'07e6    0x1  Data  Gb  sam3x8e_dout.o [1]
SAM3X8E_DOUTClass::enable_digital_output()
                           0x8'08a1   0x6e  Code  Gb  sam3x8e_dout.o [1]
SAM3X8E_DOUTClass::reset_relay(unsigned int)
                           0x8'0915    0x6  Code  Gb  sam3x8e_dout.o [1]
SAM3X8E_DOUTClass::set_relay(unsigned int)
                           0x8'090f    0x6  Code  Gb  sam3x8e_dout.o [1]
SAM3X8E_SETUP           0x2007'07e0    0x4  Data  Gb  sam3x8e_setup.o [1]
SAM3X8E_SETUPClass::change_flash_read_waitstate(int)
                           0x8'0657    0xe  Code  Gb  sam3x8e_setup.o [1]
SAM3X8E_SETUPClass::check_main_oscillator_frequency()
                           0x8'070b   0x18  Code  Gb  sam3x8e_setup.o [1]
SAM3X8E_SETUPClass::enable_main_oscillator()
                           0x8'0665   0x12  Code  Gb  sam3x8e_setup.o [1]
SAM3X8E_SETUPClass::init_clock()
                           0x8'0605   0x52  Code  Gb  sam3x8e_setup.o [1]
SAM3X8E_SETUPClass::select_master_clock()
                           0x8'06a1   0x48  Code  Gb  sam3x8e_setup.o [1]
SAM3X8E_SETUPClass::set_pll_and_divider()
                           0x8'0683   0x12  Code  Gb  sam3x8e_setup.o [1]
SAM3X8E_SETUPClass::wait_for_main_oscillator()
                           0x8'0677    0xc  Code  Gb  sam3x8e_setup.o [1]
SAM3X8E_SETUPClass::wait_for_master_clock()
                           0x8'06e9   0x22  Code  Gb  sam3x8e_setup.o [1]
SAM3X8E_SETUPClass::wait_for_pll()
                           0x8'0695    0xc  Code  Gb  sam3x8e_setup.o [1]
SAM3X8E_SSC             0x2007'07e7    0x1  Data  Gb  sam3x8e_ssc.o [1]
SAM3X8E_SSCClass::init_ssc()
                           0x8'02c9   0x12  Code  Gb  sam3x8e_ssc.o [1]
SAM3X8E_SSCClass::init_ssc_clk()
                           0x8'02b1   0x18  Code  Gb  sam3x8e_ssc.o [1]
SAM3X8E_SSCClass::setup_pio_for_ssc()
                           0x8'02db   0xa6  Code  Gb  sam3x8e_ssc.o [1]
SAM3X8E_SSCClass::setup_ssc_master_transfer()
                           0x8'0381   0x46  Code  Gb  sam3x8e_ssc.o [1]
SAM3X8E_SSCClass::ssc_interrupt_setup()
                           0x8'03c7   0x12  Code  Gb  sam3x8e_ssc.o [1]
SAM3X8E_TWI             0x2007'07e8    0x1  Data  Gb  sam3x8e_twi.o [1]
SAM3X8E_TWIClass::init_twi1()
                           0x8'00f9   0x12  Code  Gb  sam3x8e_twi.o [1]
SAM3X8E_TWIClass::init_twi1_clk()
                           0x8'00e1   0x18  Code  Gb  sam3x8e_twi.o [1]
SAM3X8E_TWIClass::send_two_bytes_to_wm8731(unsigned char, unsigned char)
                           0x8'0149   0x78  Code  Gb  sam3x8e_twi.o [1]
SAM3X8E_TWIClass::setup_WM8731()
                           0x8'0201   0xb0  Code  Gb  sam3x8e_twi.o [1]
SAM3X8E_TWIClass::setup_pio_for_twi1()
                           0x8'010b   0x24  Code  Gb  sam3x8e_twi.o [1]
SAM3X8E_TWIClass::setup_twi1_master_transfer()
                           0x8'012f   0x1a  Code  Gb  sam3x8e_twi.o [1]
SAM3X8E_WDT             0x2007'07e9    0x1  Data  Gb  sam3x8e_wdt.o [1]
SAM3X8E_WDTClass::disable_watchdog_timer()
                           0x8'05f5   0x10  Code  Gb  sam3x8e_wdt.o [1]
SSC1::Handler()            0x8'0465   0x4c  Code  Gb  main.o [1]
__cmain                    0x8'09c9         Code  Gb  cmain.o [3]
__exit                     0x8'09fd   0x14  Code  Gb  exit.o [4]
__iar_data_init3           0x8'0991   0x28  Code  Gb  data_init.o [3]
__iar_debug_exceptions     0x8'0a32    0x1  Data  Gb  unwind_debug.o [4]
__iar_program_start        0x8'0a11   0x10  Code  Gb  cstartup_M_cpp.o [1]
__iar_zero_init3           0x8'0955   0x3a  Code  Gb  zero_init3.o [3]
__low_level_init           0x8'09e7    0x4  Code  Gb  low_level_init.o [2]
__vector_table             0x8'0000   0xe0  Data  Gb  cstartup_M_cpp.o [1]
_call_main                 0x8'09d5         Code  Gb  cmain.o [3]
_exit                      0x8'09f1         Code  Gb  cexit.o [3]
_main                      0x8'09e3         Code  Gb  cmain.o [3]
exit                       0x8'09eb    0x4  Code  Gb  exit.o [2]
index                   0x2007'07dc    0x4  Data  Gb  main.o [1]
init_clock_for_wm8731()
                           0x8'0545   0x48  Code  Gb  main.o [1]
input_l                 0x2007'07d4    0x4  Data  Lc  main.o [1]
input_r                 0x2007'07d8    0x4  Data  Lc  main.o [1]
lrtoggle                0x2007'07d0    0x4  Data  Lc  main.o [1]
main                       0x8'04b1   0x94  Code  Gb  main.o [1]
samples                 0x2007'0000  0x7d0  Data  Gb  main.o [1]


[1] = C:\Users\u15q86\Documents\GitHub\Arduino-Due-DSP\Debug\Obj
[2] = dl7M_tln.a
[3] = rt7M_tl.a
[4] = shb_l.a

  2 370 bytes of readonly  code memory
    241 bytes of readonly  data memory
  6 122 bytes of readwrite data memory

Errors: none
Warnings: none
