###############################################################################
#
# IAR ELF Linker V8.11.2.13589/W32 for ARM                01/Nov/2017  11:32:13
# Copyright 2007-2017 IAR Systems AB.
#
#    Output file  =  E:\Git-Hub\Arduino-Due-DSP\Debug\Exe\project.out
#    Map file     =  E:\Git-Hub\Arduino-Due-DSP\Debug\List\project.map
#    Command line =  
#        -f C:\Users\Michael\AppData\Local\Temp\EWE0F.tmp
#        (E:\Git-Hub\Arduino-Due-DSP\Debug\Obj\cstartup_M_cpp.o
#        E:\Git-Hub\Arduino-Due-DSP\Debug\Obj\main.o
#        E:\Git-Hub\Arduino-Due-DSP\Debug\Obj\sam3x8e_adc.o
#        E:\Git-Hub\Arduino-Due-DSP\Debug\Obj\sam3x8e_din.o
#        E:\Git-Hub\Arduino-Due-DSP\Debug\Obj\sam3x8e_dma.o
#        E:\Git-Hub\Arduino-Due-DSP\Debug\Obj\sam3x8e_setup.o
#        E:\Git-Hub\Arduino-Due-DSP\Debug\Obj\sam3x8e_ssc.o
#        E:\Git-Hub\Arduino-Due-DSP\Debug\Obj\sam3x8e_twi.o
#        E:\Git-Hub\Arduino-Due-DSP\Debug\Obj\sam3x8e_wdt.o -o
#        E:\Git-Hub\Arduino-Due-DSP\Debug\Exe\project.out --redirect
#        _Printf=_PrintfFullNoMb --redirect _Scanf=_ScanfFullNoMb --map
#        E:\Git-Hub\Arduino-Due-DSP\Debug\List\project.map --config "C:\Program
#        Files (x86)\IAR Systems\Embedded Workbench
#        8.0\arm\config\linker\Atmel\sam3x8e\flash.icf" --semihosting --entry
#        __iar_program_start --vfe --text_out locale)
#
###############################################################################

*******************************************************************************
*** RUNTIME MODEL ATTRIBUTES
***

CppFlavor        = *
__CPP_Exceptions = Disabled
__CPP_Language   = C++14
__SystemLibrary  = DLib
__dlib_version   = 6


*******************************************************************************
*** HEAP SELECTION
***

The basic heap was selected because some modules are built with
size limitations (and not runtime checking), and --advanced_heap
was not specified.


*******************************************************************************
*** PLACEMENT SUMMARY
***

"A0":  place at 0x00080000 { ro section .intvec };
"P1":  place in [from 0x00080000 to 0x000fffff] { ro };
define block CSTACK with size = 4K, alignment = 8 { };
define block HEAP with size = 8K, alignment = 8 { };
"P2":  place in [from 0x20070000 to 0x20087fff] {
          rw, block CSTACK, block HEAP };

  Section          Kind        Address    Size  Object
  -------          ----        -------    ----  ------
"A0":                                     0xe0
  .intvec          const    0x00080000    0xe0  cstartup_M_cpp.o [1]
                          - 0x000800e0    0xe0

"P1":                                    0x687
  .text            ro code  0x000800e0   0x180  sam3x8e_twi.o [1]
  .text            ro code  0x00080260   0x134  sam3x8e_ssc.o [1]
  .text            ro code  0x00080394   0x12c  main.o [1]
  .text            ro code  0x000804c0    0x10  sam3x8e_wdt.o [1]
  .text            ro code  0x000804d0    0xd8  sam3x8e_setup.o [1]
  .text            ro code  0x000805a8    0x5c  sam3x8e_din.o [1]
  .text            ro code  0x00080604    0x7c  sam3x8e_adc.o [1]
  .text            ro code  0x00080680    0x40  zero_init3.o [4]
  .text            ro code  0x000806c0    0x28  data_init.o [4]
  .iar.init_table  const    0x000806e8    0x10  - Linker created -
  .text            ro code  0x000806f8    0x1a  cmain.o [4]
  .text            ro code  0x00080712     0x4  low_level_init.o [3]
  .text            ro code  0x00080716     0x4  exit.o [3]
  .text            ro code  0x0008071a     0x2  cstartup_M_cpp.o [1]
  .text            ro code  0x0008071c     0xa  cexit.o [4]
  .text            ro code  0x00080726     0x2  cstartup_M_cpp.o [1]
  .text            ro code  0x00080728    0x14  exit.o [5]
  .text            ro code  0x0008073c    0x16  cstartup_M_cpp.o [1]
  .text            ro code  0x00080752     0x2  cstartup_M_cpp.o [1]
  .text            ro code  0x00080754     0x2  cstartup_M_cpp.o [1]
  .text            ro code  0x00080756     0x2  cstartup_M_cpp.o [1]
  .text            ro code  0x00080758     0x2  cstartup_M_cpp.o [1]
  .text            ro code  0x0008075a     0x2  cstartup_M_cpp.o [1]
  .text            ro code  0x0008075c     0x2  cstartup_M_cpp.o [1]
  .text            ro code  0x0008075e     0x2  cstartup_M_cpp.o [1]
  .text            ro code  0x00080760     0x2  cstartup_M_cpp.o [1]
  .text            ro code  0x00080762     0x2  cstartup_M_cpp.o [1]
  .text            ro code  0x00080764     0x2  cstartup_M_cpp.o [1]
  .rodata          const    0x00080766     0x1  unwind_debug.o [5]
  .rodata          const    0x00080767     0x0  zero_init3.o [4]
                          - 0x00080767   0x687

"P2", part 1 of 2:                        0x18
  .bss             zero     0x20070000     0xc  main.o [1]
  .bss             zero     0x2007000c     0x4  sam3x8e_setup.o [1]
  .bss             zero     0x20070010     0x1  sam3x8e_adc.o [1]
  .bss             zero     0x20070011     0x1  sam3x8e_din.o [1]
  .bss             zero     0x20070012     0x1  sam3x8e_ssc.o [1]
  .bss             zero     0x20070013     0x1  sam3x8e_twi.o [1]
  .bss             zero     0x20070014     0x1  sam3x8e_wdt.o [1]
                          - 0x20070015    0x15

"P2", part 2 of 2:                      0x1000
  CSTACK                    0x20070018  0x1000  <Block>
    CSTACK         uninit   0x20070018  0x1000  <Block tail>
                          - 0x20071018  0x1000


*******************************************************************************
*** INIT TABLE
***

          Address     Size
          -------     ----
Zero (__iar_zero_init3)
    1 destination range, total size 0x15:
          0x20070000  0x15



*******************************************************************************
*** MODULE SUMMARY
***

    Module            ro code  ro data  rw data
    ------            -------  -------  -------
E:\Git-Hub\Arduino-Due-DSP\Debug\Obj: [1]
    cstartup_M_cpp.o       46      224
    main.o                300                12
    sam3x8e_adc.o         124                 1
    sam3x8e_din.o          92                 1
    sam3x8e_setup.o       216                 4
    sam3x8e_ssc.o         308                 1
    sam3x8e_twi.o         384                 1
    sam3x8e_wdt.o          16                 1
    -------------------------------------------
    Total:              1 486      224       21

command line: [2]
    -------------------------------------------
    Total:

dl7M_tln.a: [3]
    exit.o                  4
    low_level_init.o        4
    -------------------------------------------
    Total:                  8

rt7M_tl.a: [4]
    cexit.o                10
    cmain.o                26
    data_init.o            40
    zero_init3.o           64
    -------------------------------------------
    Total:                140

shb_l.a: [5]
    exit.o                 20
    unwind_debug.o                   1
    -------------------------------------------
    Total:                 20        1

    Linker created                  16    4 096
-----------------------------------------------
    Grand Total:        1 654      241    4 117


*******************************************************************************
*** ENTRY LIST
***

Entry                      Address  Size  Type      Object
-----                      -------  ----  ----      ------
.iar.init_table$$Base   0x000806e8         --   Gb  - Linker created -
.iar.init_table$$Limit  0x000806f8         --   Gb  - Linker created -
?main                   0x000806f9        Code  Gb  cmain.o [4]
CSTACK$$Base            0x20070018         --   Gb  - Linker created -
CSTACK$$Limit           0x20071018         --   Gb  - Linker created -
Region$$Table$$Base     0x000806e8         --   Gb  - Linker created -
Region$$Table$$Limit    0x000806f8         --   Gb  - Linker created -
SAM3X8E_ADC             0x20070010   0x1  Data  Gb  sam3x8e_adc.o [1]
SAM3X8E_ADCClass::enable_adc_input()
                        0x00080605  0x56  Code  Gb  sam3x8e_adc.o [1]
SAM3X8E_DIN             0x20070011   0x1  Data  Gb  sam3x8e_din.o [1]
SAM3X8E_DINClass::enable_digital_input()
                        0x000805a9  0x46  Code  Gb  sam3x8e_din.o [1]
SAM3X8E_SETUP           0x2007000c   0x4  Data  Gb  sam3x8e_setup.o [1]
SAM3X8E_SETUPClass::init_clock()
                        0x000804d1  0x60  Code  Gb  sam3x8e_setup.o [1]
SAM3X8E_SETUPClass::select_master_clock()
                        0x00080531  0x5e  Code  Gb  sam3x8e_setup.o [1]
SAM3X8E_SSC             0x20070012   0x1  Data  Gb  sam3x8e_ssc.o [1]
SAM3X8E_SSCClass::init_ssc()
                        0x00080261  0x16  Code  Gb  sam3x8e_ssc.o [1]
SAM3X8E_SSCClass::setup_pio_for_ssc()
                        0x00080277  0xac  Code  Gb  sam3x8e_ssc.o [1]
SAM3X8E_SSCClass::setup_ssc_master_transfer()
                        0x00080323  0x3a  Code  Gb  sam3x8e_ssc.o [1]
SAM3X8E_SSCClass::ssc_interrupt_setup()
                        0x0008035d  0x14  Code  Gb  sam3x8e_ssc.o [1]
SAM3X8E_TWI             0x20070013   0x1  Data  Gb  sam3x8e_twi.o [1]
SAM3X8E_TWIClass::init_twi1()
                        0x000800e1  0x3e  Code  Gb  sam3x8e_twi.o [1]
SAM3X8E_TWIClass::send_two_bytes_to_wm8731(unsigned char, unsigned char)
                        0x00080135  0x6a  Code  Gb  sam3x8e_twi.o [1]
SAM3X8E_TWIClass::setup_WM8731()
                        0x000801bd  0xa4  Code  Gb  sam3x8e_twi.o [1]
SAM3X8E_TWIClass::setup_twi1_master_transfer()
                        0x0008011f  0x16  Code  Gb  sam3x8e_twi.o [1]
SAM3X8E_WDT             0x20070014   0x1  Data  Gb  sam3x8e_wdt.o [1]
SAM3X8E_WDTClass::disable_watchdog_timer()
                        0x000804c1  0x10  Code  Gb  sam3x8e_wdt.o [1]
SSC1::Handler()         0x00080395  0x56  Code  Gb  main.o [1]
__cmain                 0x000806f9        Code  Gb  cmain.o [4]
__exit                  0x00080729  0x14  Code  Gb  exit.o [5]
__iar_data_init3        0x000806c1  0x28  Code  Gb  data_init.o [4]
__iar_debug_exceptions  0x00080766   0x1  Data  Gb  unwind_debug.o [5]
__iar_program_start     0x0008073d  0x16  Code  Gb  cstartup_M_cpp.o [1]
__iar_systems$$module {Abs}
                        0x00000001        Data  Gb  command line/config [2]
__iar_zero_init3        0x00080681  0x40  Code  Gb  zero_init3.o [4]
__low_level_init        0x00080713   0x4  Code  Gb  low_level_init.o [3]
__vector_table          0x00080000  0xe0  Data  Gb  cstartup_M_cpp.o [1]
_call_main              0x00080705        Code  Gb  cmain.o [4]
_exit                   0x0008071d        Code  Gb  cexit.o [4]
_main                   0x0008070f        Code  Gb  cmain.o [4]
exit                    0x00080717   0x4  Code  Gb  exit.o [3]
init_clock_for_wm8731()
                        0x00080439  0x4e  Code  Gb  main.o [1]
lrtoggle                0x20070004   0x4  Data  Lc  main.o [1]
main                    0x000803eb  0x4e  Code  Gb  main.o [1]
mute                    0x20070000   0x1  Data  Lc  main.o [1]
mute_count              0x20070008   0x4  Data  Lc  main.o [1]


[1] = E:\Git-Hub\Arduino-Due-DSP\Debug\Obj
[2] = command line
[3] = dl7M_tln.a
[4] = rt7M_tl.a
[5] = shb_l.a

  1 654 bytes of readonly  code memory
    241 bytes of readonly  data memory
  4 117 bytes of readwrite data memory

Errors: none
Warnings: none
