###############################################################################
#
# IAR ELF Linker V8.32.2.178/W32 for ARM                  13/Mar/2019  23:03:30
# Copyright 2007-2018 IAR Systems AB.
#
#    Output file  =  
#        C:\Users\u15q86\Documents\GitHub\Arduino-Due-DSP\Debug\Exe\project.out
#    Map file     =  
#        C:\Users\u15q86\Documents\GitHub\Arduino-Due-DSP\Debug\List\project.map
#    Command line =  
#        -f C:\Users\u15q86\AppData\Local\Temp\EW8A53.tmp
#        (C:\Users\u15q86\Documents\GitHub\Arduino-Due-DSP\Debug\Obj\cstartup_M_cpp.o
#        C:\Users\u15q86\Documents\GitHub\Arduino-Due-DSP\Debug\Obj\main.o
#        C:\Users\u15q86\Documents\GitHub\Arduino-Due-DSP\Debug\Obj\sam3x8e_adc.o
#        C:\Users\u15q86\Documents\GitHub\Arduino-Due-DSP\Debug\Obj\sam3x8e_dac.o
#        C:\Users\u15q86\Documents\GitHub\Arduino-Due-DSP\Debug\Obj\sam3x8e_din.o
#        C:\Users\u15q86\Documents\GitHub\Arduino-Due-DSP\Debug\Obj\sam3x8e_dma.o
#        C:\Users\u15q86\Documents\GitHub\Arduino-Due-DSP\Debug\Obj\sam3x8e_dout.o
#        C:\Users\u15q86\Documents\GitHub\Arduino-Due-DSP\Debug\Obj\sam3x8e_setup.o
#        C:\Users\u15q86\Documents\GitHub\Arduino-Due-DSP\Debug\Obj\sam3x8e_ssc.o
#        C:\Users\u15q86\Documents\GitHub\Arduino-Due-DSP\Debug\Obj\sam3x8e_twi.o
#        C:\Users\u15q86\Documents\GitHub\Arduino-Due-DSP\Debug\Obj\sam3x8e_wdt.o
#        --no_out_extension -o
#        C:\Users\u15q86\Documents\GitHub\Arduino-Due-DSP\Debug\Exe\project.out
#        --redirect _Printf=_PrintfFullNoMb --redirect _Scanf=_ScanfFullNoMb
#        --map
#        C:\Users\u15q86\Documents\GitHub\Arduino-Due-DSP\Debug\List\project.map
#        --config "C:\Program Files (x86)\IAR Systems\Embedded Workbench
#        8.2\arm\config\linker\Microchip\sam3x8e\flash.icf" --semihosting
#        --entry __iar_program_start --inline --no_exceptions --vfe --text_out
#        locale)
#
###############################################################################

*******************************************************************************
*** RUNTIME MODEL ATTRIBUTES
***

CppFlavor        = *
__CPP_Exceptions = Disabled
__CPP_Language   = C++14
__SystemLibrary  = DLib
__dlib_version   = 6


*******************************************************************************
*** HEAP SELECTION
***

The basic heap was selected because some modules are built with
size limitations (and not runtime checking), and --advanced_heap
was not specified.


*******************************************************************************
*** PLACEMENT SUMMARY
***

"A0":  place at 0x8'0000 { ro section .intvec };
"P1":  place in [from 0x8'0000 to 0xf'ffff] { ro };
define block CSTACK with size = 4K, alignment = 8 { };
define block HEAP with size = 8K, alignment = 8 { };
"P2":  place in [from 0x2007'0000 to 0x2008'7fff] {
          rw, block CSTACK, block HEAP };

  Section          Kind         Address    Size  Object
  -------          ----         -------    ----  ------
"A0":                                      0xe0
  .intvec          const       0x8'0000    0xe0  cstartup_M_cpp.o [1]
                             - 0x8'00e0    0xe0

"P1":                                    0x13bb
  .text            ro code     0x8'00e0   0x5fc  main.o [1]
  .text            ro code     0x8'06dc    0x10  sam3x8e_wdt.o [1]
  .text            ro code     0x8'06ec   0x150  sam3x8e_setup.o [1]
  .text            ro code     0x8'083c   0x1d0  sam3x8e_twi.o [1]
  .text            ro code     0x8'0a0c   0x1b8  sam3x8e_ssc.o [1]
  .text            ro code     0x8'0bc4    0x88  sam3x8e_din.o [1]
  .text            ro code     0x8'0c4c   0x284  sam3x8e_adc.o [1]
  .text            ro code     0x8'0ed0    0x8c  sam3x8e_dac.o [1]
  .text            ro code     0x8'0f5c    0xb4  sam3x8e_dout.o [1]
  .text            ro code     0x8'1010    0x1c  U32ToFlt.o [3]
  .text            ro code     0x8'102c    0xfc  FltDiv.o [3]
  .text            ro code     0x8'1128    0x24  S32ToFlt.o [3]
  .text            ro code     0x8'114c    0x80  FltSub.o [3]
  .text            ro code     0x8'11cc    0xd8  FltMul.o [3]
  .text            ro code     0x8'12a4    0xe2  FltAdd.o [3]
  .text            ro code     0x8'1386    0x3a  zero_init3.o [4]
  .text            ro code     0x8'13c0    0x2a  FltToS32.o [3]
  .text            ro code     0x8'13ea     0x2  cstartup_M_cpp.o [1]
  .text            ro code     0x8'13ec    0x28  data_init.o [4]
  .iar.init_table  const       0x8'1414    0x10  - Linker created -
  .text            ro code     0x8'1424    0x1e  cmain.o [4]
  .text            ro code     0x8'1442     0x4  exit.o [2]
  .text            ro code     0x8'1446     0x2  cstartup_M_cpp.o [1]
  .text            ro code     0x8'1448     0xa  cexit.o [4]
  .text            ro code     0x8'1452     0x2  cstartup_M_cpp.o [1]
  .text            ro code     0x8'1454    0x14  exit.o [5]
  .rodata          const       0x8'1468    0x10  main.o [1]
  .text            ro code     0x8'1478    0x10  cstartup_M_cpp.o [1]
  .text            ro code     0x8'1488     0x2  cstartup_M_cpp.o [1]
  .text            ro code     0x8'148a     0x2  cstartup_M_cpp.o [1]
  .text            ro code     0x8'148c     0x2  cstartup_M_cpp.o [1]
  .text            ro code     0x8'148e     0x2  cstartup_M_cpp.o [1]
  .text            ro code     0x8'1490     0x2  cstartup_M_cpp.o [1]
  .text            ro code     0x8'1492     0x2  cstartup_M_cpp.o [1]
  .text            ro code     0x8'1494     0x2  cstartup_M_cpp.o [1]
  .text            ro code     0x8'1496     0x2  cstartup_M_cpp.o [1]
  .text            ro code     0x8'1498     0x2  cstartup_M_cpp.o [1]
  .rodata          const       0x8'149a     0x1  unwind_debug.o [5]
  .rodata          const       0x8'149b     0x0  zero_init3.o [4]
                             - 0x8'149b  0x13bb

"P2", part 1 of 2:                         0x44
  .bss             zero     0x2007'0000    0x10  main.o [1]
  .bss             zero     0x2007'0010     0x4  main.o [1]
  .bss             zero     0x2007'0014     0x4  main.o [1]
  .bss             zero     0x2007'0018     0x4  main.o [1]
  .bss             zero     0x2007'001c     0x4  main.o [1]
  .bss             zero     0x2007'0020     0x4  main.o [1]
  .bss             zero     0x2007'0024     0x4  main.o [1]
  .bss             zero     0x2007'0028     0x4  main.o [1]
  .bss             zero     0x2007'002c     0x4  main.o [1]
  .bss             zero     0x2007'0030     0x4  main.o [1]
  .bss             zero     0x2007'0034     0x4  main.o [1]
  .bss             zero     0x2007'0038     0x4  sam3x8e_setup.o [1]
  .bss             zero     0x2007'003c     0x1  sam3x8e_adc.o [1]
  .bss             zero     0x2007'003d     0x1  sam3x8e_dac.o [1]
  .bss             zero     0x2007'003e     0x1  sam3x8e_din.o [1]
  .bss             zero     0x2007'003f     0x1  sam3x8e_dout.o [1]
  .bss             zero     0x2007'0040     0x1  sam3x8e_ssc.o [1]
  .bss             zero     0x2007'0041     0x1  sam3x8e_twi.o [1]
  .bss             zero     0x2007'0042     0x1  sam3x8e_wdt.o [1]
                          - 0x2007'0043    0x43

"P2", part 2 of 2:                       0x1000
  CSTACK                    0x2007'0048  0x1000  <Block>
    CSTACK         uninit   0x2007'0048  0x1000  <Block tail>
                          - 0x2007'1048  0x1000

Unused ranges:

         From           To      Size
         ----           --      ----
     0x8'149b     0xf'ffff  0x7'eb65
  0x2007'0044  0x2007'0047       0x4
  0x2007'1048  0x2008'7fff  0x1'6fb8


*******************************************************************************
*** INIT TABLE
***

          Address      Size
          -------      ----
Zero (__iar_zero_init3)
    1 destination range, total size 0x43:
          0x2007'0000  0x43



*******************************************************************************
*** MODULE SUMMARY
***

    Module            ro code  ro data  rw data
    ------            -------  -------  -------
command line/config:
    -------------------------------------------
    Total:

C:\Users\u15q86\Documents\GitHub\Arduino-Due-DSP\Debug\Obj: [1]
    cstartup_M_cpp.o       40      224
    main.o              1 532       16       56
    sam3x8e_adc.o         644                 1
    sam3x8e_dac.o         140                 1
    sam3x8e_din.o         136                 1
    sam3x8e_dout.o        180                 1
    sam3x8e_setup.o       336                 4
    sam3x8e_ssc.o         440                 1
    sam3x8e_twi.o         464                 1
    sam3x8e_wdt.o          16                 1
    -------------------------------------------
    Total:              3 928      240       67

dl7M_tln.a: [2]
    exit.o                  4
    -------------------------------------------
    Total:                  4

m7M_tl.a: [3]
    FltAdd.o              226
    FltDiv.o              252
    FltMul.o              216
    FltSub.o              128
    FltToS32.o             42
    S32ToFlt.o             36
    U32ToFlt.o             28
    -------------------------------------------
    Total:                928

rt7M_tl.a: [4]
    cexit.o                10
    cmain.o                30
    data_init.o            40
    zero_init3.o           58
    -------------------------------------------
    Total:                138

shb_l.a: [5]
    exit.o                 20
    unwind_debug.o                   1
    -------------------------------------------
    Total:                 20        1

    Linker created                  16    4 096
-----------------------------------------------
    Grand Total:        5 018      257    4 163


*******************************************************************************
*** ENTRY LIST
***

Entry                       Address   Size  Type      Object
-----                       -------   ----  ----      ------
.iar.init_table$$Base      0x8'1414          --   Gb  - Linker created -
.iar.init_table$$Limit     0x8'1424          --   Gb  - Linker created -
?main                      0x8'1425         Code  Gb  cmain.o [4]
CSTACK$$Base            0x2007'0048          --   Gb  - Linker created -
CSTACK$$Limit           0x2007'1048          --   Gb  - Linker created -
Region$$Table$$Base        0x8'1414          --   Gb  - Linker created -
Region$$Table$$Limit       0x8'1424          --   Gb  - Linker created -
SAM3X8E_ADC             0x2007'003c    0x1  Data  Gb  sam3x8e_adc.o [1]
SAM3X8E_ADCClass::configure_adc_input()
                           0x8'0c65   0x18  Code  Gb  sam3x8e_adc.o [1]
SAM3X8E_ADCClass::enable_ad1()
                           0x8'0d63   0x4a  Code  Gb  sam3x8e_adc.o [1]
SAM3X8E_ADCClass::enable_ad2()
                           0x8'0d19   0x4a  Code  Gb  sam3x8e_adc.o [1]
SAM3X8E_ADCClass::enable_ad3()
                           0x8'0ccf   0x4a  Code  Gb  sam3x8e_adc.o [1]
SAM3X8E_ADCClass::enable_adc_input()
                           0x8'0c4d   0x18  Code  Gb  sam3x8e_adc.o [1]
SAM3X8E_ADCClass::enable_measure_adc()
                           0x8'0c85   0x4a  Code  Gb  sam3x8e_adc.o [1]
SAM3X8E_ADCClass::measure_preamp_anode()
                           0x8'0dc9   0xa4  Code  Gb  sam3x8e_adc.o [1]
SAM3X8E_ADCClass::read_measure_adc(int)
                           0x8'0dad   0x1c  Code  Gb  sam3x8e_adc.o [1]
SAM3X8E_ADCClass::reset_adc()
                           0x8'0c7d    0x8  Code  Gb  sam3x8e_adc.o [1]
SAM3X8E_DAC             0x2007'003d    0x1  Data  Gb  sam3x8e_dac.o [1]
SAM3X8E_DACClass::configure_dac_output()
                           0x8'0ee9   0x20  Code  Gb  sam3x8e_dac.o [1]
SAM3X8E_DACClass::enable_dac_output()
                           0x8'0ed1   0x18  Code  Gb  sam3x8e_dac.o [1]
SAM3X8E_DACClass::write_dac(unsigned int)
                           0x8'0f09    0x8  Code  Gb  sam3x8e_dac.o [1]
SAM3X8E_DACClass::write_dac_voltage(int)
                           0x8'0f11   0x1a  Code  Gb  sam3x8e_dac.o [1]
SAM3X8E_DIN             0x2007'003e    0x1  Data  Gb  sam3x8e_din.o [1]
SAM3X8E_DINClass::enable_digital_input()
                           0x8'0bc5   0x4c  Code  Gb  sam3x8e_din.o [1]
SAM3X8E_DOUT            0x2007'003f    0x1  Data  Gb  sam3x8e_dout.o [1]
SAM3X8E_DOUTClass::enable_digital_output()
                           0x8'0f5d   0x6e  Code  Gb  sam3x8e_dout.o [1]
SAM3X8E_DOUTClass::reset_relay(unsigned int)
                           0x8'0fd1    0x6  Code  Gb  sam3x8e_dout.o [1]
SAM3X8E_DOUTClass::set_relay(unsigned int)
                           0x8'0fcb    0x6  Code  Gb  sam3x8e_dout.o [1]
SAM3X8E_SETUP           0x2007'0038    0x4  Data  Gb  sam3x8e_setup.o [1]
SAM3X8E_SETUPClass::change_flash_read_waitstate(int)
                           0x8'073f    0xe  Code  Gb  sam3x8e_setup.o [1]
SAM3X8E_SETUPClass::check_main_oscillator_frequency()
                           0x8'07f3   0x18  Code  Gb  sam3x8e_setup.o [1]
SAM3X8E_SETUPClass::enable_main_oscillator()
                           0x8'074d   0x12  Code  Gb  sam3x8e_setup.o [1]
SAM3X8E_SETUPClass::init_clock()
                           0x8'06ed   0x52  Code  Gb  sam3x8e_setup.o [1]
SAM3X8E_SETUPClass::select_master_clock()
                           0x8'0789   0x48  Code  Gb  sam3x8e_setup.o [1]
SAM3X8E_SETUPClass::set_pll_and_divider()
                           0x8'076b   0x12  Code  Gb  sam3x8e_setup.o [1]
SAM3X8E_SETUPClass::wait_for_main_oscillator()
                           0x8'075f    0xc  Code  Gb  sam3x8e_setup.o [1]
SAM3X8E_SETUPClass::wait_for_master_clock()
                           0x8'07d1   0x22  Code  Gb  sam3x8e_setup.o [1]
SAM3X8E_SETUPClass::wait_for_pll()
                           0x8'077d    0xc  Code  Gb  sam3x8e_setup.o [1]
SAM3X8E_SSC             0x2007'0040    0x1  Data  Gb  sam3x8e_ssc.o [1]
SAM3X8E_SSCClass::init_ssc()
                           0x8'0a25   0x12  Code  Gb  sam3x8e_ssc.o [1]
SAM3X8E_SSCClass::init_ssc_clk()
                           0x8'0a0d   0x18  Code  Gb  sam3x8e_ssc.o [1]
SAM3X8E_SSCClass::setup_pio_for_ssc()
                           0x8'0a37   0xa6  Code  Gb  sam3x8e_ssc.o [1]
SAM3X8E_SSCClass::setup_ssc_master_transfer()
                           0x8'0add   0x48  Code  Gb  sam3x8e_ssc.o [1]
SAM3X8E_SSCClass::ssc_interrupt_setup()
                           0x8'0b25   0x12  Code  Gb  sam3x8e_ssc.o [1]
SAM3X8E_TWI             0x2007'0041    0x1  Data  Gb  sam3x8e_twi.o [1]
SAM3X8E_TWIClass::init_twi1()
                           0x8'0855   0x12  Code  Gb  sam3x8e_twi.o [1]
SAM3X8E_TWIClass::init_twi1_clk()
                           0x8'083d   0x18  Code  Gb  sam3x8e_twi.o [1]
SAM3X8E_TWIClass::send_two_bytes_to_wm8731(unsigned char, unsigned char)
                           0x8'08a5   0x78  Code  Gb  sam3x8e_twi.o [1]
SAM3X8E_TWIClass::setup_WM8731()
                           0x8'095d   0xb0  Code  Gb  sam3x8e_twi.o [1]
SAM3X8E_TWIClass::setup_pio_for_twi1()
                           0x8'0867   0x24  Code  Gb  sam3x8e_twi.o [1]
SAM3X8E_TWIClass::setup_twi1_master_transfer()
                           0x8'088b   0x1a  Code  Gb  sam3x8e_twi.o [1]
SAM3X8E_WDT             0x2007'0042    0x1  Data  Gb  sam3x8e_wdt.o [1]
SAM3X8E_WDTClass::disable_watchdog_timer()
                           0x8'06dd   0x10  Code  Gb  sam3x8e_wdt.o [1]
SSC1::Handler()            0x8'00e1   0x38  Code  Gb  main.o [1]
__aeabi_f2iz               0x8'13c1         Code  Gb  FltToS32.o [3]
__aeabi_fadd               0x8'12a5         Code  Gb  FltAdd.o [3]
__aeabi_fdiv               0x8'102d         Code  Gb  FltDiv.o [3]
__aeabi_fmul               0x8'11cd         Code  Gb  FltMul.o [3]
__aeabi_fsub               0x8'114d         Code  Gb  FltSub.o [3]
__aeabi_i2f                0x8'1129         Code  Gb  S32ToFlt.o [3]
__aeabi_ui2f               0x8'1011         Code  Gb  U32ToFlt.o [3]
__cmain                    0x8'1425         Code  Gb  cmain.o [4]
__exit                     0x8'1455   0x14  Code  Gb  exit.o [5]
__iar_data_init3           0x8'13ed   0x28  Code  Gb  data_init.o [4]
__iar_debug_exceptions     0x8'149a    0x1  Data  Gb  unwind_debug.o [5]
__iar_fadd                 0x8'1159         Code  Gb  FltSub.o [3]
__iar_fsub                 0x8'12b1         Code  Gb  FltAdd.o [3]
__iar_fsubStart            0x8'12c1         Code  Gb  FltAdd.o [3]
__iar_program_start        0x8'1479   0x10  Code  Gb  cstartup_M_cpp.o [1]
__iar_zero_init3           0x8'1387   0x3a  Code  Gb  zero_init3.o [4]
__vector_table             0x8'0000   0xe0  Data  Gb  cstartup_M_cpp.o [1]
_call_main                 0x8'1431         Code  Gb  cmain.o [4]
_exit                      0x8'1449         Code  Gb  cexit.o [4]
_main                      0x8'143f         Code  Gb  cmain.o [4]
adc_volt_anode          0x2007'0000   0x10  Data  Gb  main.o [1]
coeff_a                 0x2007'0014    0x4  Data  Gb  main.o [1]
coeff_b                 0x2007'0018    0x4  Data  Gb  main.o [1]
coeff_c                 0x2007'001c    0x4  Data  Gb  main.o [1]
coeff_g_d               0x2007'0024    0x4  Data  Gb  main.o [1]
coeff_g_k               0x2007'0020    0x4  Data  Gb  main.o [1]
convert_sample_to_voltage(int)
                           0x8'05d5   0x18  Code  Gb  main.o [1]
convert_voltage_to_sample(int)
                           0x8'05ed   0x4c  Code  Gb  main.o [1]
dac_volt                   0x8'1468   0x10  Data  Lc  main.o [1]
exit                       0x8'1443    0x4  Code  Gb  exit.o [2]
init_clock_for_wm8731()
                           0x8'01d3   0x60  Code  Gb  main.o [1]
input_l                 0x2007'0010    0x4  Data  Gb  main.o [1]
main                       0x8'0119   0xba  Code  Gb  main.o [1]
measure_system()           0x8'0233  0x3a2  Code  Gb  main.o [1]
sample                  0x2007'0034    0x4  Data  Gb  main.o [1]
z1                      0x2007'0028    0x4  Data  Gb  main.o [1]
z2                      0x2007'002c    0x4  Data  Gb  main.o [1]
z3                      0x2007'0030    0x4  Data  Gb  main.o [1]


[1] = C:\Users\u15q86\Documents\GitHub\Arduino-Due-DSP\Debug\Obj
[2] = dl7M_tln.a
[3] = m7M_tl.a
[4] = rt7M_tl.a
[5] = shb_l.a

  5 018 bytes of readonly  code memory
    257 bytes of readonly  data memory
  4 163 bytes of readwrite data memory

Errors: none
Warnings: none
