###############################################################################
#
# IAR ELF Linker V8.11.2.13589/W32 for ARM                30/Oct/2017  21:59:58
# Copyright 2007-2017 IAR Systems AB.
#
#    Output file  =  E:\Git-Hub\Arduino-Due-DSP\Debug\Exe\project.out
#    Map file     =  E:\Git-Hub\Arduino-Due-DSP\Debug\List\project.map
#    Command line =  
#        -f C:\Users\Michael\AppData\Local\Temp\EW2E43.tmp
#        (E:\Git-Hub\Arduino-Due-DSP\Debug\Obj\cstartup_M_cpp.o
#        E:\Git-Hub\Arduino-Due-DSP\Debug\Obj\main.o
#        E:\Git-Hub\Arduino-Due-DSP\Debug\Obj\sam3x8e.o -o
#        E:\Git-Hub\Arduino-Due-DSP\Debug\Exe\project.out --redirect
#        _Printf=_PrintfFullNoMb --redirect _Scanf=_ScanfFullNoMb --map
#        E:\Git-Hub\Arduino-Due-DSP\Debug\List\project.map --config "C:\Program
#        Files (x86)\IAR Systems\Embedded Workbench
#        8.0\arm\config\linker\Atmel\sam3x8e\flash.icf" --semihosting --entry
#        __iar_program_start --vfe --text_out locale)
#
###############################################################################

*******************************************************************************
*** RUNTIME MODEL ATTRIBUTES
***

CppFlavor        = *
__CPP_Exceptions = Disabled
__CPP_Language   = C++14
__SystemLibrary  = DLib
__dlib_version   = 6


*******************************************************************************
*** HEAP SELECTION
***

The basic heap was selected because some modules are built with
size limitations (and not runtime checking), and --advanced_heap
was not specified.


*******************************************************************************
*** PLACEMENT SUMMARY
***

"A0":  place at 0x00080000 { ro section .intvec };
"P1":  place in [from 0x00080000 to 0x000fffff] { ro };
define block CSTACK with size = 4K, alignment = 8 { };
define block HEAP with size = 8K, alignment = 8 { };
"P2":  place in [from 0x20070000 to 0x20087fff] {
          rw, block CSTACK, block HEAP };
initialize by copy { rw };

  Section            Kind        Address    Size  Object
  -------            ----        -------    ----  ------
"A0":                                       0xe0
  .intvec            const    0x00080000    0xe0  cstartup_M_cpp.o [1]
                            - 0x000800e0    0xe0

"P1":                                      0xa6d
  .text              ro code  0x000800e0   0x4b0  sam3x8e.o [1]
  .text              ro code  0x00080590   0x480  main.o [1]
  .text              ro code  0x00080a10    0x38  packbits_init_single.o [4]
  .text              ro code  0x00080a48    0x28  data_init.o [4]
  .iar.init_table    const    0x00080a70    0x10  - Linker created -
  .text              ro code  0x00080a80    0x1a  cmain.o [4]
  .text              ro code  0x00080a9a     0x4  low_level_init.o [3]
  .text              ro code  0x00080a9e     0x4  exit.o [3]
  .text              ro code  0x00080aa2     0x2  cstartup_M_cpp.o [1]
  .text              ro code  0x00080aa4     0xa  cexit.o [4]
  .text              ro code  0x00080aae     0x2  cstartup_M_cpp.o [1]
  .text              ro code  0x00080ab0    0x14  exit.o [5]
  .text              ro code  0x00080ac4    0x16  cstartup_M_cpp.o [1]
  .text              ro code  0x00080ada     0x2  cstartup_M_cpp.o [1]
  .text              ro code  0x00080adc     0x2  cstartup_M_cpp.o [1]
  .text              ro code  0x00080ade     0x2  cstartup_M_cpp.o [1]
  .text              ro code  0x00080ae0     0x2  cstartup_M_cpp.o [1]
  .text              ro code  0x00080ae2     0x2  cstartup_M_cpp.o [1]
  .text              ro code  0x00080ae4     0x2  cstartup_M_cpp.o [1]
  .text              ro code  0x00080ae6     0x2  cstartup_M_cpp.o [1]
  .text              ro code  0x00080ae8     0x2  cstartup_M_cpp.o [1]
  .text              ro code  0x00080aea     0x2  cstartup_M_cpp.o [1]
  .text              ro code  0x00080aec     0x2  cstartup_M_cpp.o [1]
  .rodata            const    0x00080aee     0x1  unwind_debug.o [5]
  .rodata            const    0x00080aef     0x0  packbits_init_single.o [4]
  Initializer bytes  const    0x00080aef    0x5e  <for P2-1>
                            - 0x00080b4d   0xa6d

"P2", part 1 of 2:                         0x138
  P2-1                        0x20070000   0x138  <Init block>
    .data            inited   0x20070000   0x134  main.o [1]
    .bss             inited   0x20070134     0x4  sam3x8e.o [1]
                            - 0x20070138   0x138

"P2", part 2 of 2:                        0x1000
  CSTACK                      0x20070138  0x1000  <Block>
    CSTACK           uninit   0x20070138  0x1000  <Block tail>
                            - 0x20071138  0x1000


*******************************************************************************
*** INIT TABLE
***

          Address     Size
          -------     ----
Copy/packbits (__iar_packbits_init_single3)
    1 source range, total size 0x5e (30% of destination):
          0x00080aef   0x5e
    1 destination range, total size 0x138:
          0x20070000  0x138



*******************************************************************************
*** MODULE SUMMARY
***

    Module                  ro code  ro data  rw data
    ------                  -------  -------  -------
E:\Git-Hub\Arduino-Due-DSP\Debug\Obj: [1]
    cstartup_M_cpp.o             46      224
    main.o                    1 152       92      308
    sam3x8e.o                 1 200        2        4
    -------------------------------------------------
    Total:                    2 398      318      312

command line: [2]
    -------------------------------------------------
    Total:

dl7M_tln.a: [3]
    exit.o                        4
    low_level_init.o              4
    -------------------------------------------------
    Total:                        8

rt7M_tl.a: [4]
    cexit.o                      10
    cmain.o                      26
    data_init.o                  40
    packbits_init_single.o       56
    -------------------------------------------------
    Total:                      132

shb_l.a: [5]
    exit.o                       20
    unwind_debug.o                         1
    -------------------------------------------------
    Total:                       20        1

    Linker created                        16    4 096
-----------------------------------------------------
    Grand Total:              2 558      335    4 408


*******************************************************************************
*** ENTRY LIST
***

Entry                      Address   Size  Type      Object
-----                      -------   ----  ----      ------
.iar.init_table$$Base   0x00080a70          --   Gb  - Linker created -
.iar.init_table$$Limit  0x00080a80          --   Gb  - Linker created -
?main                   0x00080a81         Code  Gb  cmain.o [4]
ACoef_BP                0x200700ec    0xc  Data  Lc  main.o [1]
ACoef_HP                0x2007011c    0xc  Data  Lc  main.o [1]
ACoef_MainTP            0x20070000    0xc  Data  Lc  main.o [1]
ACoef_TP                0x20070104    0xc  Data  Lc  main.o [1]
BCoef_BP                0x200700f8    0xc  Data  Lc  main.o [1]
BCoef_HP                0x20070128    0xc  Data  Lc  main.o [1]
BCoef_MainTP            0x2007000c    0xc  Data  Lc  main.o [1]
BCoef_TP                0x20070110    0xc  Data  Lc  main.o [1]
CSTACK$$Base            0x20070138          --   Gb  - Linker created -
CSTACK$$Limit           0x20071138          --   Gb  - Linker created -
Region$$Table$$Base     0x00080a70          --   Gb  - Linker created -
Region$$Table$$Limit    0x00080a80          --   Gb  - Linker created -
SAM3X8E                 0x20070134    0x4  Data  Gb  sam3x8e.o [1]
SAM3X8EClass::disable_watchdog_timer()
                        0x0008052f    0xa  Code  Gb  sam3x8e.o [1]
SAM3X8EClass::enable_adc_input()
                        0x000804d9   0x56  Code  Gb  sam3x8e.o [1]
SAM3X8EClass::enable_digital_input()
                        0x00080493   0x46  Code  Gb  sam3x8e.o [1]
SAM3X8EClass::init_clock()
                        0x00080145   0x6a  Code  Gb  sam3x8e.o [1]
SAM3X8EClass::init_clock_for_wm8731()
                        0x00080211   0x58  Code  Gb  sam3x8e.o [1]
SAM3X8EClass::init_ssc()
                        0x00080379   0x1c  Code  Gb  sam3x8e.o [1]
SAM3X8EClass::init_twi1()
                        0x000801af   0x48  Code  Gb  sam3x8e.o [1]
SAM3X8EClass::select_master_clock()
                        0x000800e1   0x64  Code  Gb  sam3x8e.o [1]
SAM3X8EClass::send_two_bytes_to_wm8731(unsigned char, unsigned char)
                        0x0008030d   0x6c  Code  Gb  sam3x8e.o [1]
SAM3X8EClass::setup_WM8731()
                        0x00080269   0xa4  Code  Gb  sam3x8e.o [1]
SAM3X8EClass::setup_pio_for_ssc()
                        0x00080395   0xb0  Code  Gb  sam3x8e.o [1]
SAM3X8EClass::setup_ssc_master_transfer()
                        0x00080445   0x3a  Code  Gb  sam3x8e.o [1]
SAM3X8EClass::setup_twi1_master_transfer()
                        0x000801f7   0x1a  Code  Gb  sam3x8e.o [1]
SAM3X8EClass::ssc_interrupt_setup()
                        0x0008047f   0x14  Code  Gb  sam3x8e.o [1]
SSC1::Handler()         0x00080591  0x412  Code  Gb  main.o [1]
__cmain                 0x00080a81         Code  Gb  cmain.o [4]
__exit                  0x00080ab1   0x14  Code  Gb  exit.o [5]
__iar_data_init3        0x00080a49   0x28  Code  Gb  data_init.o [4]
__iar_debug_exceptions  0x00080aee    0x1  Data  Gb  unwind_debug.o [5]
__iar_packbits_init_single3
                        0x00080a11   0x38  Code  Gb  packbits_init_single.o [4]
__iar_program_start     0x00080ac5   0x16  Code  Gb  cstartup_M_cpp.o [1]
__iar_systems$$module {Abs}
                        0x00000001         Data  Gb  command line/config [2]
__low_level_init        0x00080a9b    0x4  Code  Gb  low_level_init.o [3]
__vector_table          0x00080000   0xe0  Data  Gb  cstartup_M_cpp.o [1]
_call_main              0x00080a8d         Code  Gb  cmain.o [4]
_exit                   0x00080aa5         Code  Gb  cexit.o [4]
_main                   0x00080a97         Code  Gb  cmain.o [4]
exit                    0x00080a9f    0x4  Code  Gb  exit.o [3]
input_l_x_BP            0x20070024    0xc  Data  Lc  main.o [1]
input_l_x_HP            0x20070054    0xc  Data  Lc  main.o [1]
input_l_x_MainTP        0x2007006c    0xc  Data  Lc  main.o [1]
input_l_x_TP            0x2007003c    0xc  Data  Lc  main.o [1]
input_l_y_BP            0x20070030    0xc  Data  Lc  main.o [1]
input_l_y_HP            0x20070060    0xc  Data  Lc  main.o [1]
input_l_y_MainTP        0x20070078    0xc  Data  Lc  main.o [1]
input_l_y_TP            0x20070048    0xc  Data  Lc  main.o [1]
input_pointer           0x20070018    0x4  Data  Lc  main.o [1]
input_r_x_BP            0x20070084    0xc  Data  Lc  main.o [1]
input_r_x_HP            0x200700b4    0xc  Data  Lc  main.o [1]
input_r_x_MainTP        0x200700cc    0xc  Data  Lc  main.o [1]
input_r_x_TP            0x2007009c    0xc  Data  Lc  main.o [1]
input_r_y_BP            0x20070090    0xc  Data  Lc  main.o [1]
input_r_y_HP            0x200700c0    0xc  Data  Lc  main.o [1]
input_r_y_MainTP        0x200700d8    0xc  Data  Lc  main.o [1]
input_r_y_TP            0x200700a8    0xc  Data  Lc  main.o [1]
lrtoggle                0x20070020    0x4  Data  Lc  main.o [1]
main                    0x000809a3   0x5a  Code  Gb  main.o [1]
mute                    0x2007001c    0x1  Data  Lc  main.o [1]
mute_count              0x200700e8    0x4  Data  Lc  main.o [1]
vol_pot                 0x200700e4    0x4  Data  Lc  main.o [1]


[1] = E:\Git-Hub\Arduino-Due-DSP\Debug\Obj
[2] = command line
[3] = dl7M_tln.a
[4] = rt7M_tl.a
[5] = shb_l.a

  2 558 bytes of readonly  code memory
    335 bytes of readonly  data memory
  4 408 bytes of readwrite data memory

Errors: none
Warnings: none
