###############################################################################
#
# IAR ELF Linker V8.32.2.178/W32 for ARM                  03/Feb/2019  23:58:29
# Copyright 2007-2018 IAR Systems AB.
#
#    Output file  =  
#        C:\Users\u15q86\Documents\GitHub\Arduino-Due-DSP\Debug\Exe\project.out
#    Map file     =  
#        C:\Users\u15q86\Documents\GitHub\Arduino-Due-DSP\Debug\List\project.map
#    Command line =  
#        -f C:\Users\u15q86\AppData\Local\Temp\EW6173.tmp
#        (C:\Users\u15q86\Documents\GitHub\Arduino-Due-DSP\Debug\Obj\cstartup_M_cpp.o
#        C:\Users\u15q86\Documents\GitHub\Arduino-Due-DSP\Debug\Obj\main.o
#        C:\Users\u15q86\Documents\GitHub\Arduino-Due-DSP\Debug\Obj\sam3x8e_adc.o
#        C:\Users\u15q86\Documents\GitHub\Arduino-Due-DSP\Debug\Obj\sam3x8e_dac.o
#        C:\Users\u15q86\Documents\GitHub\Arduino-Due-DSP\Debug\Obj\sam3x8e_din.o
#        C:\Users\u15q86\Documents\GitHub\Arduino-Due-DSP\Debug\Obj\sam3x8e_dma.o
#        C:\Users\u15q86\Documents\GitHub\Arduino-Due-DSP\Debug\Obj\sam3x8e_dout.o
#        C:\Users\u15q86\Documents\GitHub\Arduino-Due-DSP\Debug\Obj\sam3x8e_setup.o
#        C:\Users\u15q86\Documents\GitHub\Arduino-Due-DSP\Debug\Obj\sam3x8e_ssc.o
#        C:\Users\u15q86\Documents\GitHub\Arduino-Due-DSP\Debug\Obj\sam3x8e_twi.o
#        C:\Users\u15q86\Documents\GitHub\Arduino-Due-DSP\Debug\Obj\sam3x8e_wdt.o
#        --no_out_extension -o
#        C:\Users\u15q86\Documents\GitHub\Arduino-Due-DSP\Debug\Exe\project.out
#        --redirect _Printf=_PrintfFullNoMb --redirect _Scanf=_ScanfFullNoMb
#        --map
#        C:\Users\u15q86\Documents\GitHub\Arduino-Due-DSP\Debug\List\project.map
#        --config "C:\Program Files (x86)\IAR Systems\Embedded Workbench
#        8.2\arm\config\linker\Microchip\sam3x8e\flash.icf" --semihosting
#        --entry __iar_program_start --inline --no_exceptions --vfe --text_out
#        locale)
#
###############################################################################

*******************************************************************************
*** RUNTIME MODEL ATTRIBUTES
***

CppFlavor        = *
__CPP_Exceptions = Disabled
__CPP_Language   = C++14
__SystemLibrary  = DLib
__dlib_version   = 6


*******************************************************************************
*** HEAP SELECTION
***

The basic heap was selected because some modules are built with
size limitations (and not runtime checking), and --advanced_heap
was not specified.


*******************************************************************************
*** PLACEMENT SUMMARY
***

"A0":  place at 0x8'0000 { ro section .intvec };
"P1":  place in [from 0x8'0000 to 0xf'ffff] { ro };
define block CSTACK with size = 4K, alignment = 8 { };
define block HEAP with size = 8K, alignment = 8 { };
"P2":  place in [from 0x2007'0000 to 0x2008'7fff] {
          rw, block CSTACK, block HEAP };

  Section          Kind         Address    Size  Object
  -------          ----         -------    ----  ------
"A0":                                      0xe0
  .intvec          const       0x8'0000    0xe0  cstartup_M_cpp.o [1]
                             - 0x8'00e0    0xe0

"P1":                                     0xc65
  .text            ro code     0x8'00e0   0x554  sam3x8e_twi.o [1]
  .text            ro code     0x8'0634   0x168  sam3x8e_adc.o [1]
  .text            ro code     0x8'079c   0x15c  main.o [1]
  .text            ro code     0x8'08f8    0x10  sam3x8e_wdt.o [1]
  .text            ro code     0x8'0908    0xb4  sam3x8e_setup.o [1]
  .text            ro code     0x8'09bc   0x158  sam3x8e_ssc.o [1]
  .text            ro code     0x8'0b14    0x5c  sam3x8e_din.o [1]
  .text            ro code     0x8'0b70    0x50  sam3x8e_dac.o [1]
  .text            ro code     0x8'0bc0    0xa4  sam3x8e_dout.o [1]
  .text            ro code     0x8'0c64    0x3a  zero_init3.o [4]
  .text            ro code     0x8'0c9e     0x2  cstartup_M_cpp.o [1]
  .text            ro code     0x8'0ca0    0x28  data_init.o [4]
  .iar.init_table  const       0x8'0cc8    0x10  - Linker created -
  .text            ro code     0x8'0cd8    0x1e  cmain.o [4]
  .text            ro code     0x8'0cf6     0x4  exit.o [2]
  .text            ro code     0x8'0cfa     0x2  cstartup_M_cpp.o [1]
  .text            ro code     0x8'0cfc     0xa  cexit.o [4]
  .text            ro code     0x8'0d06     0x2  cstartup_M_cpp.o [1]
  .text            ro code     0x8'0d08    0x14  exit.o [5]
  .text            ro code     0x8'0d1c    0x16  cstartup_M_cpp.o [1]
  .text            ro code     0x8'0d32     0x2  cstartup_M_cpp.o [1]
  .text            ro code     0x8'0d34     0x2  cstartup_M_cpp.o [1]
  .text            ro code     0x8'0d36     0x2  cstartup_M_cpp.o [1]
  .text            ro code     0x8'0d38     0x2  cstartup_M_cpp.o [1]
  .text            ro code     0x8'0d3a     0x2  cstartup_M_cpp.o [1]
  .text            ro code     0x8'0d3c     0x2  cstartup_M_cpp.o [1]
  .text            ro code     0x8'0d3e     0x2  cstartup_M_cpp.o [1]
  .text            ro code     0x8'0d40     0x2  cstartup_M_cpp.o [1]
  .text            ro code     0x8'0d42     0x2  cstartup_M_cpp.o [1]
  .rodata          const       0x8'0d44     0x1  unwind_debug.o [5]
  .rodata          const       0x8'0d45     0x0  zero_init3.o [4]
                             - 0x8'0d45   0xc65

"P2", part 1 of 2:                         0x1c
  .bss             zero     0x2007'0000    0x10  main.o [1]
  .bss             zero     0x2007'0010     0x4  sam3x8e_setup.o [1]
  .bss             zero     0x2007'0014     0x1  sam3x8e_adc.o [1]
  .bss             zero     0x2007'0015     0x1  sam3x8e_dac.o [1]
  .bss             zero     0x2007'0016     0x1  sam3x8e_din.o [1]
  .bss             zero     0x2007'0017     0x1  sam3x8e_dout.o [1]
  .bss             zero     0x2007'0018     0x1  sam3x8e_ssc.o [1]
  .bss             zero     0x2007'0019     0x1  sam3x8e_twi.o [1]
  .bss             zero     0x2007'001a     0x1  sam3x8e_wdt.o [1]
                          - 0x2007'001b    0x1b

"P2", part 2 of 2:                       0x1000
  CSTACK                    0x2007'0020  0x1000  <Block>
    CSTACK         uninit   0x2007'0020  0x1000  <Block tail>
                          - 0x2007'1020  0x1000

Unused ranges:

         From           To      Size
         ----           --      ----
     0x8'0d45     0xf'ffff  0x7'f2bb
  0x2007'001c  0x2007'001f       0x4
  0x2007'1020  0x2008'7fff  0x1'6fe0


*******************************************************************************
*** INIT TABLE
***

          Address      Size
          -------      ----
Zero (__iar_zero_init3)
    1 destination range, total size 0x1b:
          0x2007'0000  0x1b



*******************************************************************************
*** MODULE SUMMARY
***

    Module            ro code  ro data  rw data
    ------            -------  -------  -------
command line/config:
    -------------------------------------------
    Total:

C:\Users\u15q86\Documents\GitHub\Arduino-Due-DSP\Debug\Obj: [1]
    cstartup_M_cpp.o       46      224
    main.o                348                16
    sam3x8e_adc.o         360                 1
    sam3x8e_dac.o          80                 1
    sam3x8e_din.o          92                 1
    sam3x8e_dout.o        164                 1
    sam3x8e_setup.o       180                 4
    sam3x8e_ssc.o         344                 1
    sam3x8e_twi.o       1 364                 1
    sam3x8e_wdt.o          16                 1
    -------------------------------------------
    Total:              2 994      224       27

dl7M_tln.a: [2]
    exit.o                  4
    -------------------------------------------
    Total:                  4

m7M_tl.a: [3]
    -------------------------------------------
    Total:

rt7M_tl.a: [4]
    cexit.o                10
    cmain.o                30
    data_init.o            40
    zero_init3.o           58
    -------------------------------------------
    Total:                138

shb_l.a: [5]
    exit.o                 20
    unwind_debug.o                   1
    -------------------------------------------
    Total:                 20        1

    Linker created                  16    4 096
-----------------------------------------------
    Grand Total:        3 156      241    4 123


*******************************************************************************
*** ENTRY LIST
***

Entry                       Address   Size  Type      Object
-----                       -------   ----  ----      ------
.iar.init_table$$Base      0x8'0cc8          --   Gb  - Linker created -
.iar.init_table$$Limit     0x8'0cd8          --   Gb  - Linker created -
?main                      0x8'0cd9         Code  Gb  cmain.o [4]
CSTACK$$Base            0x2007'0020          --   Gb  - Linker created -
CSTACK$$Limit           0x2007'1020          --   Gb  - Linker created -
Region$$Table$$Base        0x8'0cc8          --   Gb  - Linker created -
Region$$Table$$Limit       0x8'0cd8          --   Gb  - Linker created -
SAM3X8E_ADC             0x2007'0014    0x1  Data  Gb  sam3x8e_adc.o [1]
SAM3X8E_ADCClass::configure_adc_input()
                           0x8'0649   0x18  Code  Gb  sam3x8e_adc.o [1]
SAM3X8E_ADCClass::enable_ad1()
                           0x8'072f   0x42  Code  Gb  sam3x8e_adc.o [1]
SAM3X8E_ADCClass::enable_ad2()
                           0x8'06ed   0x42  Code  Gb  sam3x8e_adc.o [1]
SAM3X8E_ADCClass::enable_ad3()
                           0x8'06ab   0x42  Code  Gb  sam3x8e_adc.o [1]
SAM3X8E_ADCClass::enable_adc_input()
                           0x8'0635   0x14  Code  Gb  sam3x8e_adc.o [1]
SAM3X8E_ADCClass::enable_measure_adc()
                           0x8'0669   0x42  Code  Gb  sam3x8e_adc.o [1]
SAM3X8E_ADCClass::reset_adc()
                           0x8'0661    0x8  Code  Gb  sam3x8e_adc.o [1]
SAM3X8E_DAC             0x2007'0015    0x1  Data  Gb  sam3x8e_dac.o [1]
SAM3X8E_DACClass::configure_dac_output()
                           0x8'0b85   0x18  Code  Gb  sam3x8e_dac.o [1]
SAM3X8E_DACClass::enable_dac_output()
                           0x8'0b71   0x14  Code  Gb  sam3x8e_dac.o [1]
SAM3X8E_DACClass::write_dac(unsigned int)
                           0x8'0b9d    0x8  Code  Gb  sam3x8e_dac.o [1]
SAM3X8E_DIN             0x2007'0016    0x1  Data  Gb  sam3x8e_din.o [1]
SAM3X8E_DINClass::enable_digital_input()
                           0x8'0b15   0x46  Code  Gb  sam3x8e_din.o [1]
SAM3X8E_DOUT            0x2007'0017    0x1  Data  Gb  sam3x8e_dout.o [1]
SAM3X8E_DOUTClass::enable_digital_output()
                           0x8'0bc1   0x84  Code  Gb  sam3x8e_dout.o [1]
SAM3X8E_DOUTClass::reset_relay(unsigned int)
                           0x8'0c45    0x6  Code  Gb  sam3x8e_dout.o [1]
SAM3X8E_SETUP           0x2007'0010    0x4  Data  Gb  sam3x8e_setup.o [1]
SAM3X8E_SETUPClass::init_clock()
                           0x8'0909   0xa0  Code  Gb  sam3x8e_setup.o [1]
SAM3X8E_SSC             0x2007'0018    0x1  Data  Gb  sam3x8e_ssc.o [1]
SAM3X8E_SSCClass::init_ssc()
                           0x8'09bd   0xe0  Code  Gb  sam3x8e_ssc.o [1]
SAM3X8E_SSCClass::setup_ssc_master_transfer()
                           0x8'0a9d   0x3a  Code  Gb  sam3x8e_ssc.o [1]
SAM3X8E_SSCClass::ssc_interrupt_setup()
                           0x8'0ad7   0x14  Code  Gb  sam3x8e_ssc.o [1]
SAM3X8E_TWI             0x2007'0019    0x1  Data  Gb  sam3x8e_twi.o [1]
SAM3X8E_TWIClass::init_twi1()
                           0x8'00e1   0x48  Code  Gb  sam3x8e_twi.o [1]
SAM3X8E_TWIClass::setup_WM8731()
                           0x8'0145  0x4d4  Code  Gb  sam3x8e_twi.o [1]
SAM3X8E_TWIClass::setup_twi1_master_transfer()
                           0x8'0129   0x1a  Code  Gb  sam3x8e_twi.o [1]
SAM3X8E_WDT             0x2007'001a    0x1  Data  Gb  sam3x8e_wdt.o [1]
SAM3X8E_WDTClass::disable_watchdog_timer()
                           0x8'08f9   0x10  Code  Gb  sam3x8e_wdt.o [1]
SSC1::Handler()            0x8'079d   0x2a  Code  Gb  main.o [1]
__cmain                    0x8'0cd9         Code  Gb  cmain.o [4]
__exit                     0x8'0d09   0x14  Code  Gb  exit.o [5]
__iar_data_init3           0x8'0ca1   0x28  Code  Gb  data_init.o [4]
__iar_debug_exceptions     0x8'0d44    0x1  Data  Gb  unwind_debug.o [5]
__iar_program_start        0x8'0d1d   0x16  Code  Gb  cstartup_M_cpp.o [1]
__iar_zero_init3           0x8'0c65   0x3a  Code  Gb  zero_init3.o [4]
__vector_table             0x8'0000   0xe0  Data  Gb  cstartup_M_cpp.o [1]
_call_main                 0x8'0ce5         Code  Gb  cmain.o [4]
_exit                      0x8'0cfd         Code  Gb  cexit.o [4]
_main                      0x8'0cf3         Code  Gb  cmain.o [4]
count1                  0x2007'000c    0x4  Data  Gb  main.o [1]
exit                       0x8'0cf7    0x4  Code  Gb  exit.o [2]
input_l                 0x2007'0004    0x4  Data  Gb  main.o [1]
input_r                 0x2007'0008    0x4  Data  Gb  main.o [1]
lrtoggle                0x2007'0000    0x4  Data  Gb  main.o [1]
main                       0x8'07c7   0xf4  Code  Gb  main.o [1]


[1] = C:\Users\u15q86\Documents\GitHub\Arduino-Due-DSP\Debug\Obj
[2] = dl7M_tln.a
[3] = m7M_tl.a
[4] = rt7M_tl.a
[5] = shb_l.a

  3 156 bytes of readonly  code memory
    241 bytes of readonly  data memory
  4 123 bytes of readwrite data memory

Errors: none
Warnings: none
